Archive member included to satisfy reference by file (symbol)

/opt/gcc-arm-none-eabi-6-2017-q1-update/bin/../lib/gcc/arm-none-eabi/6.3.1/../../../../arm-none-eabi/lib/thumb/v7-m/libc_nano.a(lib_a-exit.o)
                              /opt/gcc-arm-none-eabi-6-2017-q1-update/bin/../lib/gcc/arm-none-eabi/6.3.1/../../../../arm-none-eabi/lib/thumb/v7-m/crt0.o (exit)
/opt/gcc-arm-none-eabi-6-2017-q1-update/bin/../lib/gcc/arm-none-eabi/6.3.1/../../../../arm-none-eabi/lib/thumb/v7-m/libc_nano.a(lib_a-impure.o)
                              /opt/gcc-arm-none-eabi-6-2017-q1-update/bin/../lib/gcc/arm-none-eabi/6.3.1/../../../../arm-none-eabi/lib/thumb/v7-m/libc_nano.a(lib_a-exit.o) (_global_impure_ptr)
/opt/gcc-arm-none-eabi-6-2017-q1-update/bin/../lib/gcc/arm-none-eabi/6.3.1/../../../../arm-none-eabi/lib/thumb/v7-m/libc_nano.a(lib_a-init.o)
                              /opt/gcc-arm-none-eabi-6-2017-q1-update/bin/../lib/gcc/arm-none-eabi/6.3.1/../../../../arm-none-eabi/lib/thumb/v7-m/crt0.o (__libc_init_array)
/opt/gcc-arm-none-eabi-6-2017-q1-update/bin/../lib/gcc/arm-none-eabi/6.3.1/../../../../arm-none-eabi/lib/thumb/v7-m/libc_nano.a(lib_a-memcpy-stub.o)
                              build/queue.o (memcpy)
/opt/gcc-arm-none-eabi-6-2017-q1-update/bin/../lib/gcc/arm-none-eabi/6.3.1/../../../../arm-none-eabi/lib/thumb/v7-m/libc_nano.a(lib_a-memset.o)
                              /opt/gcc-arm-none-eabi-6-2017-q1-update/bin/../lib/gcc/arm-none-eabi/6.3.1/../../../../arm-none-eabi/lib/thumb/v7-m/crt0.o (memset)
/opt/gcc-arm-none-eabi-6-2017-q1-update/bin/../lib/gcc/arm-none-eabi/6.3.1/../../../../arm-none-eabi/lib/thumb/v7-m/libnosys.a(_exit.o)
                              /opt/gcc-arm-none-eabi-6-2017-q1-update/bin/../lib/gcc/arm-none-eabi/6.3.1/../../../../arm-none-eabi/lib/thumb/v7-m/libc_nano.a(lib_a-exit.o) (_exit)
/opt/gcc-arm-none-eabi-6-2017-q1-update/bin/../lib/gcc/arm-none-eabi/6.3.1/thumb/v7-m/libgcc.a(_lshrdi3.o)
                              build/stm32f1xx_hal_flash.o (__aeabi_llsr)

Allocating common symbols
Common symbol       size              file

hUsbDeviceFS        0x224             build/usb_device.o
defaultTaskHandle   0x4               build/main.o
hiwdg               0x10              build/main.o
hcrc                0x8               build/main.o
xQueueRegistry      0x40              build/queue.o
pFlash              0x20              build/stm32f1xx_hal_flash.o
UserRxBufferFS      0x4               build/usbd_cdc_if.o
UserTxBufferFS      0x4               build/usbd_cdc_if.o
htim1               0x3c              build/stm32f1xx_hal_timebase_TIM.o
hspi1               0x58              build/main.o
hpcd_USB_FS         0x420             build/usbd_conf.o
USBD_StrDesc        0x200             build/usbd_desc.o
thread_handle       0x4               build/serial_log.o

Discarded input sections

 .text          0x0000000000000000        0x0 /opt/gcc-arm-none-eabi-6-2017-q1-update/bin/../lib/gcc/arm-none-eabi/6.3.1/thumb/v7-m/crti.o
 .data          0x0000000000000000        0x0 /opt/gcc-arm-none-eabi-6-2017-q1-update/bin/../lib/gcc/arm-none-eabi/6.3.1/thumb/v7-m/crti.o
 .bss           0x0000000000000000        0x0 /opt/gcc-arm-none-eabi-6-2017-q1-update/bin/../lib/gcc/arm-none-eabi/6.3.1/thumb/v7-m/crti.o
 .data          0x0000000000000000        0x4 /opt/gcc-arm-none-eabi-6-2017-q1-update/bin/../lib/gcc/arm-none-eabi/6.3.1/thumb/v7-m/crtbegin.o
 .text          0x0000000000000000       0x74 /opt/gcc-arm-none-eabi-6-2017-q1-update/bin/../lib/gcc/arm-none-eabi/6.3.1/../../../../arm-none-eabi/lib/thumb/v7-m/crt0.o
 .data          0x0000000000000000        0x0 /opt/gcc-arm-none-eabi-6-2017-q1-update/bin/../lib/gcc/arm-none-eabi/6.3.1/../../../../arm-none-eabi/lib/thumb/v7-m/crt0.o
 .bss           0x0000000000000000        0x0 /opt/gcc-arm-none-eabi-6-2017-q1-update/bin/../lib/gcc/arm-none-eabi/6.3.1/../../../../arm-none-eabi/lib/thumb/v7-m/crt0.o
 .ARM.extab     0x0000000000000000        0x0 /opt/gcc-arm-none-eabi-6-2017-q1-update/bin/../lib/gcc/arm-none-eabi/6.3.1/../../../../arm-none-eabi/lib/thumb/v7-m/crt0.o
 .ARM.exidx     0x0000000000000000        0x8 /opt/gcc-arm-none-eabi-6-2017-q1-update/bin/../lib/gcc/arm-none-eabi/6.3.1/../../../../arm-none-eabi/lib/thumb/v7-m/crt0.o
 .ARM.attributes
                0x0000000000000000       0x1b /opt/gcc-arm-none-eabi-6-2017-q1-update/bin/../lib/gcc/arm-none-eabi/6.3.1/../../../../arm-none-eabi/lib/thumb/v7-m/crt0.o
 .text          0x0000000000000000        0x0 build/stm32f1xx_hal_gpio_ex.o
 .data          0x0000000000000000        0x0 build/stm32f1xx_hal_gpio_ex.o
 .bss           0x0000000000000000        0x0 build/stm32f1xx_hal_gpio_ex.o
 .text.HAL_GPIOEx_ConfigEventout
                0x0000000000000000       0x14 build/stm32f1xx_hal_gpio_ex.o
 .text.HAL_GPIOEx_EnableEventout
                0x0000000000000000       0x10 build/stm32f1xx_hal_gpio_ex.o
 .text.HAL_GPIOEx_DisableEventout
[...]
Memory Configuration

Name             Origin             Length             Attributes
RAM              0x0000000020000000 0x0000000000005000 xrw
FLASH            0x0000000008000000 0x0000000000010000 xr
*default*        0x0000000000000000 0xffffffffffffffff

Linker script and memory map

LOAD /opt/gcc-arm-none-eabi-6-2017-q1-update/bin/../lib/gcc/arm-none-eabi/6.3.1/thumb/v7-m/crti.o
LOAD /opt/gcc-arm-none-eabi-6-2017-q1-update/bin/../lib/gcc/arm-none-eabi/6.3.1/thumb/v7-m/crtbegin.o
LOAD /opt/gcc-arm-none-eabi-6-2017-q1-update/bin/../lib/gcc/arm-none-eabi/6.3.1/../../../../arm-none-eabi/lib/thumb/v7-m/crt0.o
LOAD build/stm32f1xx_hal_gpio_ex.o
LOAD build/stm32f1xx_hal_pcd.o
LOAD build/stm32f1xx_hal_pcd_ex.o
LOAD build/stm32f1xx_ll_usb.o
LOAD build/stm32f1xx_hal_crc.o
LOAD build/stm32f1xx_hal_iwdg.o
LOAD build/stm32f1xx_hal_spi.o
LOAD build/stm32f1xx_hal_spi_ex.o
LOAD build/stm32f1xx_hal_tim.o
LOAD build/stm32f1xx_hal_tim_ex.o
LOAD build/stm32f1xx_hal.o
LOAD build/stm32f1xx_hal_rcc.o
LOAD build/stm32f1xx_hal_rcc_ex.o
LOAD build/stm32f1xx_hal_gpio.o
LOAD build/stm32f1xx_hal_dma.o
LOAD build/stm32f1xx_hal_cortex.o
LOAD build/stm32f1xx_hal_pwr.o
LOAD build/stm32f1xx_hal_flash.o
LOAD build/stm32f1xx_hal_flash_ex.o
LOAD build/usbd_cdc.o
LOAD build/usbd_core.o
LOAD build/usbd_ctlreq.o
LOAD build/usbd_ioreq.o
LOAD build/port.o
LOAD build/heap_4.o
LOAD build/cmsis_os.o
LOAD build/croutine.o
LOAD build/event_groups.o
LOAD build/list.o
LOAD build/queue.o
LOAD build/tasks.o
LOAD build/timers.o
LOAD build/system_stm32f1xx.o
LOAD build/freertos.o
LOAD build/usb_device.o
LOAD build/usbd_conf.o
LOAD build/usbd_desc.o
LOAD build/usbd_cdc_if.o
LOAD build/stm32f1xx_it.o
LOAD build/stm32f1xx_hal_msp.o
LOAD build/stm32f1xx_hal_timebase_TIM.o
LOAD build/main.o
LOAD build/serial_log.o
LOAD build/rf.o
LOAD build/startup_stm32f103xb.o
LOAD /opt/gcc-arm-none-eabi-6-2017-q1-update/bin/../lib/gcc/arm-none-eabi/6.3.1/../../../../arm-none-eabi/lib/thumb/v7-m/libc_nano.a
LOAD /opt/gcc-arm-none-eabi-6-2017-q1-update/bin/../lib/gcc/arm-none-eabi/6.3.1/../../../../arm-none-eabi/lib/thumb/v7-m/libm.a
LOAD /opt/gcc-arm-none-eabi-6-2017-q1-update/bin/../lib/gcc/arm-none-eabi/6.3.1/../../../../arm-none-eabi/lib/thumb/v7-m/libnosys.a
START GROUP
LOAD /opt/gcc-arm-none-eabi-6-2017-q1-update/bin/../lib/gcc/arm-none-eabi/6.3.1/thumb/v7-m/libgcc.a
LOAD /opt/gcc-arm-none-eabi-6-2017-q1-update/bin/../lib/gcc/arm-none-eabi/6.3.1/../../../../arm-none-eabi/lib/thumb/v7-m/libc_nano.a
END GROUP
START GROUP
LOAD /opt/gcc-arm-none-eabi-6-2017-q1-update/bin/../lib/gcc/arm-none-eabi/6.3.1/thumb/v7-m/libgcc.a
LOAD /opt/gcc-arm-none-eabi-6-2017-q1-update/bin/../lib/gcc/arm-none-eabi/6.3.1/../../../../arm-none-eabi/lib/thumb/v7-m/libc_nano.a
END GROUP
LOAD /opt/gcc-arm-none-eabi-6-2017-q1-update/bin/../lib/gcc/arm-none-eabi/6.3.1/thumb/v7-m/crtend.o
LOAD /opt/gcc-arm-none-eabi-6-2017-q1-update/bin/../lib/gcc/arm-none-eabi/6.3.1/thumb/v7-m/crtn.o
                0x0000000020005000                _estack = 0x20005000
                0x0000000000000200                _Min_Heap_Size = 0x200
                0x0000000000000400                _Min_Stack_Size = 0x400

.isr_vector     0x0000000008000000      0x10c
                0x0000000008000000                . = ALIGN (0x4)
 *(.isr_vector)
 .isr_vector    0x0000000008000000      0x10c build/startup_stm32f103xb.o
                0x0000000008000000                g_pfnVectors
                0x000000000800010c                . = ALIGN (0x4)

.text           0x000000000800010c     0x418c
                0x000000000800010c                . = ALIGN (0x4)
 *(.text)
 .text          0x000000000800010c       0x6c /opt/gcc-arm-none-eabi-6-2017-q1-update/bin/../lib/gcc/arm-none-eabi/6.3.1/thumb/v7-m/crtbegin.o
 *(.text*)
 .text.HAL_PCD_Init
                0x0000000008000178       0xd2 build/stm32f1xx_hal_pcd.o
                0x0000000008000178                HAL_PCD_Init
 .text.HAL_PCD_Start
                0x000000000800024a       0x2e build/stm32f1xx_hal_pcd.o
                0x000000000800024a                HAL_PCD_Start
 .text.HAL_PCD_SetAddress
                0x0000000008000278       0x28 build/stm32f1xx_hal_pcd.o
                0x0000000008000278                HAL_PCD_SetAddress
 .text.HAL_PCD_EP_Open
                0x00000000080002a0       0x46 build/stm32f1xx_hal_pcd.o
                0x00000000080002a0                HAL_PCD_EP_Open
 .text.HAL_PCD_EP_Close
                0x00000000080002e6       0x42 build/stm32f1xx_hal_pcd.o
                0x00000000080002e6                HAL_PCD_EP_Close
 .text.HAL_PCD_EP_Receive
                0x0000000008000328       0x48 build/stm32f1xx_hal_pcd.o
                0x0000000008000328                HAL_PCD_EP_Receive
 .text.HAL_PCD_EP_GetRxCount
                0x0000000008000370        0xe build/stm32f1xx_hal_pcd.o
                0x0000000008000370                HAL_PCD_EP_GetRxCount
 .text.HAL_PCD_EP_Transmit
                0x000000000800037e       0x40 build/stm32f1xx_hal_pcd.o
                0x000000000800037e                HAL_PCD_EP_Transmit
 *fill*         0x00000000080003be        0x2 
 .text.HAL_PCD_IRQHandler
                0x00000000080003c0      0x4cc build/stm32f1xx_hal_pcd.o
                0x00000000080003c0                HAL_PCD_IRQHandler
 .text.HAL_PCD_EP_SetStall
                0x000000000800088c       0x52 build/stm32f1xx_hal_pcd.o
                0x000000000800088c                HAL_PCD_EP_SetStall
 .text.HAL_PCD_EP_ClrStall
                0x00000000080008de       0x46 build/stm32f1xx_hal_pcd.o
                0x00000000080008de                HAL_PCD_EP_ClrStall
 .text.HAL_PCDEx_PMAConfig
                0x0000000008000924       0x30 build/stm32f1xx_hal_pcd_ex.o
                0x0000000008000924                HAL_PCDEx_PMAConfig
 .text.USB_CoreInit
                0x0000000008000954        0xe build/stm32f1xx_ll_usb.o
                0x0000000008000954                USB_CoreInit
 .text.USB_EnableGlobalInt
                0x0000000008000962       0x12 build/stm32f1xx_ll_usb.o
                0x0000000008000962                USB_EnableGlobalInt
 .text.USB_DisableGlobalInt
                0x0000000008000974       0x14 build/stm32f1xx_ll_usb.o
                0x0000000008000974                USB_DisableGlobalInt
 .text.USB_SetCurrentMode
                0x0000000008000988        0x4 build/stm32f1xx_ll_usb.o
                0x0000000008000988                USB_SetCurrentMode
 .text.USB_DevInit
                0x000000000800098c       0x28 build/stm32f1xx_ll_usb.o
                0x000000000800098c                USB_DevInit
 .text.USB_ActivateEndpoint
                0x00000000080009b4      0x2e8 build/stm32f1xx_ll_usb.o
                0x00000000080009b4                USB_ActivateEndpoint
 .text.USB_DeactivateEndpoint
                0x0000000008000c9c      0x19c build/stm32f1xx_ll_usb.o
                0x0000000008000c9c                USB_DeactivateEndpoint
 .text.USB_EPSetStall
                0x0000000008000e38       0x64 build/stm32f1xx_ll_usb.o
                0x0000000008000e38                USB_EPSetStall
 .text.USB_EPClearStall
                0x0000000008000e9c       0x84 build/stm32f1xx_ll_usb.o
                0x0000000008000e9c                USB_EPClearStall
 .text.USB_SetDevAddress
                0x0000000008000f20        0xc build/stm32f1xx_ll_usb.o
                0x0000000008000f20                USB_SetDevAddress
 .text.USB_DevConnect
                0x0000000008000f2c        0x4 build/stm32f1xx_ll_usb.o
                0x0000000008000f2c                USB_DevConnect
 .text.USB_DevDisconnect
                0x0000000008000f30        0x4 build/stm32f1xx_ll_usb.o
                0x0000000008000f30                USB_DevDisconnect
 .text.USB_ReadInterrupts
                0x0000000008000f34        0x8 build/stm32f1xx_ll_usb.o
                0x0000000008000f34                USB_ReadInterrupts
 .text.USB_EP0_OutStart
                0x0000000008000f3c        0x4 build/stm32f1xx_ll_usb.o
                0x0000000008000f3c                USB_EP0_OutStart
 .text.USB_WritePMA
                0x0000000008000f40       0x22 build/stm32f1xx_ll_usb.o
                0x0000000008000f40                USB_WritePMA
 *fill*         0x0000000008000f62        0x2 
 .text.USB_EPStartXfer
                0x0000000008000f64      0x1a8 build/stm32f1xx_ll_usb.o
                0x0000000008000f64                USB_EPStartXfer
 .text.USB_ReadPMA
                0x000000000800110c       0x22 build/stm32f1xx_ll_usb.o
                0x000000000800110c                USB_ReadPMA
 .text.HAL_CRC_Init
                0x000000000800112e       0x20 build/stm32f1xx_hal_crc.o
                0x000000000800112e                HAL_CRC_Init
 .text.HAL_IWDG_MspInit
                0x000000000800114e        0x2 build/stm32f1xx_hal_iwdg.o
                0x000000000800114e                HAL_IWDG_MspInit
 .text.HAL_IWDG_Init
                0x0000000008001150       0x58 build/stm32f1xx_hal_iwdg.o
                0x0000000008001150                HAL_IWDG_Init
 .text.SPI_WaitOnFlagUntilTimeout
                0x00000000080011a8       0x90 build/stm32f1xx_hal_spi.o
 .text.HAL_SPI_Transmit
                0x0000000008001238      0x15c build/stm32f1xx_hal_spi.o
                0x0000000008001238                HAL_SPI_Transmit
 .text.HAL_SPI_TransmitReceive
                0x0000000008001394      0x2a0 build/stm32f1xx_hal_spi.o
                0x0000000008001394                HAL_SPI_TransmitReceive
 .text.HAL_SPI_Receive
                0x0000000008001634      0x1e8 build/stm32f1xx_hal_spi.o
                0x0000000008001634                HAL_SPI_Receive
 .text.HAL_SPI_Init
                0x000000000800181c       0x7c build/stm32f1xx_hal_spi_ex.o
                0x000000000800181c                HAL_SPI_Init
 .text.SPI_ISCRCErrorValid
                0x0000000008001898        0x4 build/stm32f1xx_hal_spi_ex.o
                0x0000000008001898                SPI_ISCRCErrorValid
 .text.HAL_TIM_Base_MspInit
                0x000000000800189c        0x2 build/stm32f1xx_hal_tim.o
                0x000000000800189c                HAL_TIM_Base_MspInit
 .text.HAL_TIM_Base_Start_IT
                0x000000000800189e       0x16 build/stm32f1xx_hal_tim.o
                0x000000000800189e                HAL_TIM_Base_Start_IT
 .text.HAL_TIM_OC_DelayElapsedCallback
                0x00000000080018b4        0x2 build/stm32f1xx_hal_tim.o
                0x00000000080018b4                HAL_TIM_OC_DelayElapsedCallback
 .text.HAL_TIM_IC_CaptureCallback
                0x00000000080018b6        0x2 build/stm32f1xx_hal_tim.o
                0x00000000080018b6                HAL_TIM_IC_CaptureCallback
 .text.HAL_TIM_PWM_PulseFinishedCallback
                0x00000000080018b8        0x2 build/stm32f1xx_hal_tim.o
                0x00000000080018b8                HAL_TIM_PWM_PulseFinishedCallback
 .text.HAL_TIM_TriggerCallback
                0x00000000080018ba        0x2 build/stm32f1xx_hal_tim.o
                0x00000000080018ba                HAL_TIM_TriggerCallback
 .text.HAL_TIM_IRQHandler
                0x00000000080018bc      0x144 build/stm32f1xx_hal_tim.o
                0x00000000080018bc                HAL_TIM_IRQHandler
 .text.TIM_Base_SetConfig
                0x0000000008001a00       0x68 build/stm32f1xx_hal_tim.o
                0x0000000008001a00                TIM_Base_SetConfig
 .text.HAL_TIM_Base_Init
                0x0000000008001a68       0x34 build/stm32f1xx_hal_tim.o
                0x0000000008001a68                HAL_TIM_Base_Init
 .text.HAL_TIMEx_CommutationCallback
                0x0000000008001a9c        0x2 build/stm32f1xx_hal_tim_ex.o
                0x0000000008001a9c                HAL_TIMEx_CommutationCallback
 .text.HAL_TIMEx_BreakCallback
                0x0000000008001a9e        0x2 build/stm32f1xx_hal_tim_ex.o
                0x0000000008001a9e                HAL_TIMEx_BreakCallback
 .text.HAL_Init
                0x0000000008001aa0       0x24 build/stm32f1xx_hal.o
                0x0000000008001aa0                HAL_Init
 .text.HAL_IncTick
                0x0000000008001ac4       0x10 build/stm32f1xx_hal.o
                0x0000000008001ac4                HAL_IncTick
 .text.HAL_GetTick
                0x0000000008001ad4        0xc build/stm32f1xx_hal.o
                0x0000000008001ad4                HAL_GetTick
 .text.HAL_Delay
                0x0000000008001ae0       0x1a build/stm32f1xx_hal.o
                0x0000000008001ae0                HAL_Delay
 *fill*         0x0000000008001afa        0x2 
 .text.HAL_RCC_OscConfig
                0x0000000008001afc      0x4b0 build/stm32f1xx_hal_rcc.o
                0x0000000008001afc                HAL_RCC_OscConfig
 .text.HAL_RCC_GetSysClockFreq
                0x0000000008001fac       0x94 build/stm32f1xx_hal_rcc.o
                0x0000000008001fac                HAL_RCC_GetSysClockFreq
 .text.HAL_RCC_ClockConfig
                0x0000000008002040      0x168 build/stm32f1xx_hal_rcc.o
                0x0000000008002040                HAL_RCC_ClockConfig
 .text.HAL_RCC_GetHCLKFreq
                0x00000000080021a8        0xc build/stm32f1xx_hal_rcc.o
                0x00000000080021a8                HAL_RCC_GetHCLKFreq
 .text.HAL_RCC_GetPCLK2Freq
                0x00000000080021b4       0x30 build/stm32f1xx_hal_rcc.o
                0x00000000080021b4                HAL_RCC_GetPCLK2Freq
 .text.HAL_RCC_GetClockConfig
                0x00000000080021e4       0x3c build/stm32f1xx_hal_rcc.o
                0x00000000080021e4                HAL_RCC_GetClockConfig
 .text.HAL_RCCEx_PeriphCLKConfig
                0x0000000008002220      0x10c build/stm32f1xx_hal_rcc_ex.o
                0x0000000008002220                HAL_RCCEx_PeriphCLKConfig
 .text.HAL_GPIO_Init
                0x000000000800232c      0x1c0 build/stm32f1xx_hal_gpio.o
                0x000000000800232c                HAL_GPIO_Init
 .text.HAL_GPIO_WritePin
                0x00000000080024ec        0xa build/stm32f1xx_hal_gpio.o
                0x00000000080024ec                HAL_GPIO_WritePin
 .text.HAL_GPIO_TogglePin
                0x00000000080024f6        0x8 build/stm32f1xx_hal_gpio.o
                0x00000000080024f6                HAL_GPIO_TogglePin
 *fill*         0x00000000080024fe        0x2 
 .text.HAL_NVIC_SetPriorityGrouping
                0x0000000008002500       0x24 build/stm32f1xx_hal_cortex.o
                0x0000000008002500                HAL_NVIC_SetPriorityGrouping
 .text.HAL_NVIC_SetPriority
                0x0000000008002524       0x68 build/stm32f1xx_hal_cortex.o
                0x0000000008002524                HAL_NVIC_SetPriority
 .text.HAL_NVIC_EnableIRQ
                0x000000000800258c       0x18 build/stm32f1xx_hal_cortex.o
                0x000000000800258c                HAL_NVIC_EnableIRQ
 .text.HAL_SYSTICK_Config
                0x00000000080025a4       0x2c build/stm32f1xx_hal_cortex.o
                0x00000000080025a4                HAL_SYSTICK_Config
 .text.HAL_SYSTICK_CLKSourceConfig
                0x00000000080025d0       0x18 build/stm32f1xx_hal_cortex.o
                0x00000000080025d0                HAL_SYSTICK_CLKSourceConfig
 .text.USBD_CDC_DataIn
                0x00000000080025e8       0x12 build/usbd_cdc.o
 .text.USBD_CDC_EP0_RxReady
                0x00000000080025fa       0x28 build/usbd_cdc.o
 *fill*         0x0000000008002622        0x2 
 .text.USBD_CDC_GetFSCfgDesc
                0x0000000008002624        0xc build/usbd_cdc.o
 .text.USBD_CDC_GetHSCfgDesc
                0x0000000008002630        0xc build/usbd_cdc.o
 .text.USBD_CDC_GetOtherSpeedCfgDesc
                0x000000000800263c        0xc build/usbd_cdc.o
 .text.USBD_CDC_GetDeviceQualifierDescriptor
                0x0000000008002648        0xc build/usbd_cdc.o
                0x0000000008002648                USBD_CDC_GetDeviceQualifierDescriptor
 .text.USBD_CDC_DataOut
                0x0000000008002654       0x2e build/usbd_cdc.o
 *fill*         0x0000000008002682        0x2 
 .text.USBD_CDC_Setup
                0x0000000008002684       0x68 build/usbd_cdc.o
 .text.USBD_CDC_DeInit
                0x00000000080026ec       0x3a build/usbd_cdc.o
 .text.USBD_CDC_Init
                0x0000000008002726       0x8c build/usbd_cdc.o
 .text.USBD_CDC_RegisterInterface
                0x00000000080027b2        0xe build/usbd_cdc.o
                0x00000000080027b2                USBD_CDC_RegisterInterface
 .text.USBD_CDC_SetTxBuffer
                0x00000000080027c0       0x10 build/usbd_cdc.o
                0x00000000080027c0                USBD_CDC_SetTxBuffer
 .text.USBD_CDC_SetRxBuffer
                0x00000000080027d0        0xc build/usbd_cdc.o
                0x00000000080027d0                USBD_CDC_SetRxBuffer
 .text.USBD_CDC_TransmitPacket
                0x00000000080027dc       0x2e build/usbd_cdc.o
                0x00000000080027dc                USBD_CDC_TransmitPacket
 .text.USBD_CDC_ReceivePacket
                0x000000000800280a       0x26 build/usbd_cdc.o
                0x000000000800280a                USBD_CDC_ReceivePacket
 .text.USBD_Init
                0x0000000008002830       0x2a build/usbd_core.o
                0x0000000008002830                USBD_Init
 .text.USBD_RegisterClass
                0x000000000800285a        0xe build/usbd_core.o
                0x000000000800285a                USBD_RegisterClass
 .text.USBD_Start
                0x0000000008002868        0xa build/usbd_core.o
                0x0000000008002868                USBD_Start
 .text.USBD_SetClassConfig
                0x0000000008002872       0x16 build/usbd_core.o
                0x0000000008002872                USBD_SetClassConfig
 .text.USBD_ClrClassConfig
                0x0000000008002888        0xe build/usbd_core.o
                0x0000000008002888                USBD_ClrClassConfig
 .text.USBD_LL_SetupStage
                0x0000000008002896       0x5a build/usbd_core.o
                0x0000000008002896                USBD_LL_SetupStage
 .text.USBD_LL_DataOutStage
                0x00000000080028f0       0x64 build/usbd_core.o
                0x00000000080028f0                USBD_LL_DataOutStage
 .text.USBD_LL_DataInStage
                0x0000000008002954       0x9e build/usbd_core.o
                0x0000000008002954                USBD_LL_DataInStage
 .text.USBD_LL_Reset
                0x00000000080029f2       0x3e build/usbd_core.o
                0x00000000080029f2                USBD_LL_Reset
 .text.USBD_LL_SetSpeed
                0x0000000008002a30        0x6 build/usbd_core.o
                0x0000000008002a30                USBD_LL_SetSpeed
 .text.USBD_LL_Suspend
                0x0000000008002a36       0x12 build/usbd_core.o
                0x0000000008002a36                USBD_LL_Suspend
 .text.USBD_LL_Resume
                0x0000000008002a48        0xc build/usbd_core.o
                0x0000000008002a48                USBD_LL_Resume
 .text.USBD_LL_SOF
                0x0000000008002a54       0x18 build/usbd_core.o
                0x0000000008002a54                USBD_LL_SOF
 .text.USBD_CtlError.constprop.0
                0x0000000008002a6c       0x16 build/usbd_ctlreq.o
 *fill*         0x0000000008002a82        0x2 
 .text.USBD_StdDevReq
                0x0000000008002a84      0x1f4 build/usbd_ctlreq.o
                0x0000000008002a84                USBD_StdDevReq
 .text.USBD_StdItfReq
                0x0000000008002c78       0x30 build/usbd_ctlreq.o
                0x0000000008002c78                USBD_StdItfReq
 .text.USBD_StdEPReq
                0x0000000008002ca8       0xc6 build/usbd_ctlreq.o
                0x0000000008002ca8                USBD_StdEPReq
 .text.USBD_ParseSetupRequest
                0x0000000008002d6e       0x28 build/usbd_ctlreq.o
                0x0000000008002d6e                USBD_ParseSetupRequest
 .text.USBD_GetString
                0x0000000008002d96       0x38 build/usbd_ctlreq.o
                0x0000000008002d96                USBD_GetString
 .text.USBD_CtlSendData
                0x0000000008002dce       0x1a build/usbd_ioreq.o
                0x0000000008002dce                USBD_CtlSendData
 .text.USBD_CtlContinueSendData
                0x0000000008002de8       0x10 build/usbd_ioreq.o
                0x0000000008002de8                USBD_CtlContinueSendData
 .text.USBD_CtlPrepareRx
                0x0000000008002df8       0x1e build/usbd_ioreq.o
                0x0000000008002df8                USBD_CtlPrepareRx
 .text.USBD_CtlContinueRx
                0x0000000008002e16       0x10 build/usbd_ioreq.o
                0x0000000008002e16                USBD_CtlContinueRx
 .text.USBD_CtlSendStatus
                0x0000000008002e26       0x16 build/usbd_ioreq.o
                0x0000000008002e26                USBD_CtlSendStatus
 .text.USBD_CtlReceiveStatus
                0x0000000008002e3c       0x16 build/usbd_ioreq.o
                0x0000000008002e3c                USBD_CtlReceiveStatus
 *fill*         0x0000000008002e52        0x2 
 .text.prvPortStartFirstTask
                0x0000000008002e54       0x20 build/port.o
 .text.pxPortInitialiseStack
                0x0000000008002e74       0x1c build/port.o
                0x0000000008002e74                pxPortInitialiseStack
 .text.SVC_Handler
                0x0000000008002e90       0x24 build/port.o
                0x0000000008002e90                SVC_Handler
 .text.vPortYield
                0x0000000008002eb4       0x18 build/port.o
                0x0000000008002eb4                vPortYield
 .text.ulPortSetInterruptMask
                0x0000000008002ecc       0x10 build/port.o
                0x0000000008002ecc                ulPortSetInterruptMask
 .text.prvTaskExitError
                0x0000000008002edc       0x1c build/port.o
 .text.vPortEnterCritical
                0x0000000008002ef8       0x34 build/port.o
                0x0000000008002ef8                vPortEnterCritical
 .text.vPortClearInterruptMask
                0x0000000008002f2c        0x6 build/port.o
                0x0000000008002f2c                vPortClearInterruptMask
 *fill*         0x0000000008002f32        0x2 
 .text.vPortExitCritical
                0x0000000008002f34       0x24 build/port.o
                0x0000000008002f34                vPortExitCritical
 .text.PendSV_Handler
                0x0000000008002f58       0x44 build/port.o
                0x0000000008002f58                PendSV_Handler
 .text.xPortSysTickHandler
                0x0000000008002f9c       0x24 build/port.o
                0x0000000008002f9c                xPortSysTickHandler
 .text.vPortSetupTimerInterrupt
                0x0000000008002fc0       0x28 build/port.o
                0x0000000008002fc0                vPortSetupTimerInterrupt
 .text.xPortStartScheduler
                0x0000000008002fe8       0x94 build/port.o
                0x0000000008002fe8                xPortStartScheduler
 .text.prvInsertBlockIntoFreeList
                0x000000000800307c       0x48 build/heap_4.o
 .text.pvPortMalloc
                0x00000000080030c4      0x108 build/heap_4.o
                0x00000000080030c4                pvPortMalloc
 .text.vPortFree
                0x00000000080031cc       0x58 build/heap_4.o
                0x00000000080031cc                vPortFree
 .text.osKernelStart
                0x0000000008003224        0xa build/cmsis_os.o
                0x0000000008003224                osKernelStart
 .text.osThreadCreate
                0x000000000800322e       0x38 build/cmsis_os.o
                0x000000000800322e                osThreadCreate
 .text.osDelay  0x0000000008003266       0x10 build/cmsis_os.o
                0x0000000008003266                osDelay
 .text.osSystickHandler
                0x0000000008003276       0x14 build/cmsis_os.o
                0x0000000008003276                osSystickHandler
 .text.vListInitialise
                0x000000000800328a       0x16 build/list.o
                0x000000000800328a                vListInitialise
 .text.vListInitialiseItem
                0x00000000080032a0        0x6 build/list.o
                0x00000000080032a0                vListInitialiseItem
 .text.vListInsertEnd
                0x00000000080032a6       0x18 build/list.o
                0x00000000080032a6                vListInsertEnd
 .text.vListInsert
                0x00000000080032be       0x2e build/list.o
                0x00000000080032be                vListInsert
 .text.uxListRemove
                0x00000000080032ec       0x20 build/list.o
                0x00000000080032ec                uxListRemove
 .text.prvResetNextTaskUnblockTime
                0x000000000800330c       0x24 build/tasks.o
 .text.prvAddCurrentTaskToDelayedList
                0x0000000008003330       0x50 build/tasks.o
 .text.xTaskGenericCreate
                0x0000000008003380      0x1b4 build/tasks.o
                0x0000000008003380                xTaskGenericCreate
 .text.vTaskStartScheduler
                0x0000000008003534       0x60 build/tasks.o
                0x0000000008003534                vTaskStartScheduler
 .text.vTaskSuspendAll
                0x0000000008003594       0x10 build/tasks.o
                0x0000000008003594                vTaskSuspendAll
 .text.xTaskIncrementTick
                0x00000000080035a4      0x11c build/tasks.o
                0x00000000080035a4                xTaskIncrementTick
 .text.xTaskResumeAll
                0x00000000080036c0       0xd4 build/tasks.o
                0x00000000080036c0                xTaskResumeAll
 .text.vTaskDelay
                0x0000000008003794       0x60 build/tasks.o
                0x0000000008003794                vTaskDelay
 .text.prvIdleTask
                0x00000000080037f4       0x64 build/tasks.o
 .text.vTaskSwitchContext
                0x0000000008003858       0x68 build/tasks.o
                0x0000000008003858                vTaskSwitchContext
 .text.xTaskGetSchedulerState
                0x00000000080038c0       0x20 build/tasks.o
                0x00000000080038c0                xTaskGetSchedulerState
 .text.SystemInit
                0x00000000080038e0       0x4c build/system_stm32f1xx.o
                0x00000000080038e0                SystemInit
 .text.MX_USB_DEVICE_Init
                0x000000000800392c       0x38 build/usb_device.o
                0x000000000800392c                MX_USB_DEVICE_Init
 .text.HAL_PCD_MspInit
                0x0000000008003964       0x3c build/usbd_conf.o
                0x0000000008003964                HAL_PCD_MspInit
 .text.HAL_PCD_SetupStageCallback
                0x00000000080039a0        0xc build/usbd_conf.o
                0x00000000080039a0                HAL_PCD_SetupStageCallback
 .text.HAL_PCD_DataOutStageCallback
                0x00000000080039ac       0x10 build/usbd_conf.o
                0x00000000080039ac                HAL_PCD_DataOutStageCallback
 .text.HAL_PCD_DataInStageCallback
                0x00000000080039bc        0xe build/usbd_conf.o
                0x00000000080039bc                HAL_PCD_DataInStageCallback
 .text.HAL_PCD_SOFCallback
                0x00000000080039ca        0x8 build/usbd_conf.o
                0x00000000080039ca                HAL_PCD_SOFCallback
 .text.HAL_PCD_ResetCallback
                0x00000000080039d2       0x1a build/usbd_conf.o
                0x00000000080039d2                HAL_PCD_ResetCallback
 .text.HAL_PCD_SuspendCallback
                0x00000000080039ec       0x20 build/usbd_conf.o
                0x00000000080039ec                HAL_PCD_SuspendCallback
 .text.HAL_PCD_ResumeCallback
                0x0000000008003a0c        0x8 build/usbd_conf.o
                0x0000000008003a0c                HAL_PCD_ResumeCallback
 .text.USBD_LL_Init
                0x0000000008003a14       0x90 build/usbd_conf.o
                0x0000000008003a14                USBD_LL_Init
 .text.USBD_LL_Start
                0x0000000008003aa4       0x1c build/usbd_conf.o
                0x0000000008003aa4                USBD_LL_Start
 .text.USBD_LL_OpenEP
                0x0000000008003ac0       0x20 build/usbd_conf.o
                0x0000000008003ac0                USBD_LL_OpenEP
 .text.USBD_LL_CloseEP
                0x0000000008003ae0       0x1c build/usbd_conf.o
                0x0000000008003ae0                USBD_LL_CloseEP
 .text.USBD_LL_StallEP
                0x0000000008003afc       0x1c build/usbd_conf.o
                0x0000000008003afc                USBD_LL_StallEP
 .text.USBD_LL_ClearStallEP
                0x0000000008003b18       0x1c build/usbd_conf.o
                0x0000000008003b18                USBD_LL_ClearStallEP
 .text.USBD_LL_IsStallEP
                0x0000000008003b34       0x20 build/usbd_conf.o
                0x0000000008003b34                USBD_LL_IsStallEP
 .text.USBD_LL_SetUSBAddress
                0x0000000008003b54       0x1c build/usbd_conf.o
                0x0000000008003b54                USBD_LL_SetUSBAddress
 .text.USBD_LL_Transmit
                0x0000000008003b70       0x1c build/usbd_conf.o
                0x0000000008003b70                USBD_LL_Transmit
 .text.USBD_LL_PrepareReceive
                0x0000000008003b8c       0x1c build/usbd_conf.o
                0x0000000008003b8c                USBD_LL_PrepareReceive
 .text.USBD_LL_GetRxDataSize
                0x0000000008003ba8        0xc build/usbd_conf.o
                0x0000000008003ba8                USBD_LL_GetRxDataSize
 .text.USBD_static_malloc
                0x0000000008003bb4        0x8 build/usbd_conf.o
                0x0000000008003bb4                USBD_static_malloc
 .text.USBD_static_free
                0x0000000008003bbc        0x2 build/usbd_conf.o
                0x0000000008003bbc                USBD_static_free
 .text.HAL_PCDEx_SetConnectionState
                0x0000000008003bbe        0x2 build/usbd_conf.o
                0x0000000008003bbe                HAL_PCDEx_SetConnectionState
 .text.USBD_FS_DeviceDescriptor
                0x0000000008003bc0        0xc build/usbd_desc.o
                0x0000000008003bc0                USBD_FS_DeviceDescriptor
 .text.USBD_FS_LangIDStrDescriptor
                0x0000000008003bcc        0xc build/usbd_desc.o
                0x0000000008003bcc                USBD_FS_LangIDStrDescriptor
 .text.USBD_FS_ManufacturerStrDescriptor
                0x0000000008003bd8       0x1c build/usbd_desc.o
                0x0000000008003bd8                USBD_FS_ManufacturerStrDescriptor
 .text.USBD_FS_ProductStrDescriptor
                0x0000000008003bf4       0x1c build/usbd_desc.o
                0x0000000008003bf4                USBD_FS_ProductStrDescriptor
 .text.USBD_FS_SerialStrDescriptor
                0x0000000008003c10       0x1c build/usbd_desc.o
                0x0000000008003c10                USBD_FS_SerialStrDescriptor
 .text.USBD_FS_ConfigStrDescriptor
                0x0000000008003c2c       0x1c build/usbd_desc.o
                0x0000000008003c2c                USBD_FS_ConfigStrDescriptor
 .text.USBD_FS_InterfaceStrDescriptor
                0x0000000008003c48       0x1c build/usbd_desc.o
                0x0000000008003c48                USBD_FS_InterfaceStrDescriptor
 .text.CDC_DeInit_FS
                0x0000000008003c64        0x4 build/usbd_cdc_if.o
 .text.CDC_Control_FS
                0x0000000008003c68        0x4 build/usbd_cdc_if.o
 .text.CDC_Receive_FS
                0x0000000008003c6c       0x1c build/usbd_cdc_if.o
 .text.CDC_Init_FS
                0x0000000008003c88       0x28 build/usbd_cdc_if.o
 .text.CDC_Transmit_FS
                0x0000000008003cb0       0x30 build/usbd_cdc_if.o
                0x0000000008003cb0                CDC_Transmit_FS
 .text.NMI_Handler
                0x0000000008003ce0        0x2 build/stm32f1xx_it.o
                0x0000000008003ce0                NMI_Handler
 .text.HardFault_Handler
                0x0000000008003ce2        0x2 build/stm32f1xx_it.o
                0x0000000008003ce2                HardFault_Handler
 .text.MemManage_Handler
                0x0000000008003ce4        0x2 build/stm32f1xx_it.o
                0x0000000008003ce4                MemManage_Handler
 .text.BusFault_Handler
                0x0000000008003ce6        0x2 build/stm32f1xx_it.o
                0x0000000008003ce6                BusFault_Handler
 .text.UsageFault_Handler
                0x0000000008003ce8        0x2 build/stm32f1xx_it.o
                0x0000000008003ce8                UsageFault_Handler
 .text.DebugMon_Handler
                0x0000000008003cea        0x2 build/stm32f1xx_it.o
                0x0000000008003cea                DebugMon_Handler
 .text.SysTick_Handler
                0x0000000008003cec        0x4 build/stm32f1xx_it.o
                0x0000000008003cec                SysTick_Handler
 .text.USB_LP_CAN1_RX0_IRQHandler
                0x0000000008003cf0        0xc build/stm32f1xx_it.o
                0x0000000008003cf0                USB_LP_CAN1_RX0_IRQHandler
 .text.TIM1_UP_IRQHandler
                0x0000000008003cfc        0xc build/stm32f1xx_it.o
                0x0000000008003cfc                TIM1_UP_IRQHandler
 .text.HAL_MspInit
                0x0000000008003d08       0x8c build/stm32f1xx_hal_msp.o
                0x0000000008003d08                HAL_MspInit
 .text.HAL_CRC_MspInit
                0x0000000008003d94       0x28 build/stm32f1xx_hal_msp.o
                0x0000000008003d94                HAL_CRC_MspInit
 .text.HAL_SPI_MspInit
                0x0000000008003dbc       0x54 build/stm32f1xx_hal_msp.o
                0x0000000008003dbc                HAL_SPI_MspInit
 .text.HAL_InitTick
                0x0000000008003e10       0x78 build/stm32f1xx_hal_timebase_TIM.o
                0x0000000008003e10                HAL_InitTick
 .text.StartDefaultTask
                0x0000000008003e88       0x5c build/main.o
                0x0000000008003e88                StartDefaultTask
 .text.SystemClock_Config
                0x0000000008003ee4       0x86 build/main.o
                0x0000000008003ee4                SystemClock_Config
 *fill*         0x0000000008003f6a        0x2 
 .text.startup.main
                0x0000000008003f6c      0x148 build/main.o
                0x0000000008003f6c                main
 .text.HAL_TIM_PeriodElapsedCallback
                0x00000000080040b4       0x14 build/main.o
                0x00000000080040b4                HAL_TIM_PeriodElapsedCallback
 .text._Error_Handler
                0x00000000080040c8        0x2 build/main.o
                0x00000000080040c8                _Error_Handler
 *fill*         0x00000000080040ca        0x2 
 .text.spi_communicate
                0x00000000080040cc       0x80 build/rf.o
 .text.rf_init  0x000000000800414c       0x40 build/rf.o
                0x000000000800414c                rf_init
 .text.rf_receive
                0x000000000800418c       0x38 build/rf.o
                0x000000000800418c                rf_receive
 .text.Reset_Handler
                0x00000000080041c4       0x48 build/startup_stm32f103xb.o
                0x00000000080041c4                Reset_Handler
 .text.Default_Handler
                0x000000000800420c        0x2 build/startup_stm32f103xb.o
                0x000000000800420c                RTC_Alarm_IRQHandler
                0x000000000800420c                EXTI2_IRQHandler
                0x000000000800420c                TIM1_CC_IRQHandler
                0x000000000800420c                PVD_IRQHandler
                0x000000000800420c                EXTI3_IRQHandler
                0x000000000800420c                EXTI0_IRQHandler
                0x000000000800420c                I2C2_EV_IRQHandler
                0x000000000800420c                ADC1_2_IRQHandler
                0x000000000800420c                SPI1_IRQHandler
                0x000000000800420c                TAMPER_IRQHandler
                0x000000000800420c                DMA1_Channel4_IRQHandler
                0x000000000800420c                USART3_IRQHandler
                0x000000000800420c                RTC_IRQHandler
                0x000000000800420c                DMA1_Channel7_IRQHandler
                0x000000000800420c                CAN1_RX1_IRQHandler
                0x000000000800420c                TIM4_IRQHandler
                0x000000000800420c                I2C1_EV_IRQHandler
                0x000000000800420c                DMA1_Channel6_IRQHandler
                0x000000000800420c                TIM3_IRQHandler
                0x000000000800420c                RCC_IRQHandler
                0x000000000800420c                TIM1_TRG_COM_IRQHandler
                0x000000000800420c                DMA1_Channel1_IRQHandler
                0x000000000800420c                Default_Handler
                0x000000000800420c                EXTI15_10_IRQHandler
                0x000000000800420c                EXTI9_5_IRQHandler
                0x000000000800420c                SPI2_IRQHandler
                0x000000000800420c                DMA1_Channel5_IRQHandler
                0x000000000800420c                EXTI4_IRQHandler
                0x000000000800420c                USB_HP_CAN1_TX_IRQHandler
                0x000000000800420c                DMA1_Channel3_IRQHandler
                0x000000000800420c                WWDG_IRQHandler
                0x000000000800420c                TIM2_IRQHandler
                0x000000000800420c                TIM1_BRK_IRQHandler
                0x000000000800420c                EXTI1_IRQHandler
                0x000000000800420c                USART2_IRQHandler
                0x000000000800420c                I2C2_ER_IRQHandler
                0x000000000800420c                DMA1_Channel2_IRQHandler
                0x000000000800420c                CAN1_SCE_IRQHandler
                0x000000000800420c                FLASH_IRQHandler
                0x000000000800420c                USART1_IRQHandler
                0x000000000800420c                I2C1_ER_IRQHandler
                0x000000000800420c                USBWakeUp_IRQHandler
 *fill*         0x000000000800420e        0x2 
 .text.__libc_init_array
                0x0000000008004210       0x48 /opt/gcc-arm-none-eabi-6-2017-q1-update/bin/../lib/gcc/arm-none-eabi/6.3.1/../../../../arm-none-eabi/lib/thumb/v7-m/libc_nano.a(lib_a-init.o)
                0x0000000008004210                __libc_init_array
 .text.memcpy   0x0000000008004258       0x16 /opt/gcc-arm-none-eabi-6-2017-q1-update/bin/../lib/gcc/arm-none-eabi/6.3.1/../../../../arm-none-eabi/lib/thumb/v7-m/libc_nano.a(lib_a-memcpy-stub.o)
                0x0000000008004258                memcpy
 .text.memset   0x000000000800426e       0x10 /opt/gcc-arm-none-eabi-6-2017-q1-update/bin/../lib/gcc/arm-none-eabi/6.3.1/../../../../arm-none-eabi/lib/thumb/v7-m/libc_nano.a(lib_a-memset.o)
                0x000000000800426e                memset
 *(.glue_7)
 .glue_7        0x000000000800427e        0x0 linker stubs
 *(.glue_7t)
 .glue_7t       0x000000000800427e        0x0 linker stubs
 *(.eh_frame)
 *fill*         0x000000000800427e        0x2 
 .eh_frame      0x0000000008004280        0x0 /opt/gcc-arm-none-eabi-6-2017-q1-update/bin/../lib/gcc/arm-none-eabi/6.3.1/thumb/v7-m/crtbegin.o
 *(.init)
 .init          0x0000000008004280        0x4 /opt/gcc-arm-none-eabi-6-2017-q1-update/bin/../lib/gcc/arm-none-eabi/6.3.1/thumb/v7-m/crti.o
                0x0000000008004280                _init
 .init          0x0000000008004284        0x8 /opt/gcc-arm-none-eabi-6-2017-q1-update/bin/../lib/gcc/arm-none-eabi/6.3.1/thumb/v7-m/crtn.o
 *(.fini)
 .fini          0x000000000800428c        0x4 /opt/gcc-arm-none-eabi-6-2017-q1-update/bin/../lib/gcc/arm-none-eabi/6.3.1/thumb/v7-m/crti.o
                0x000000000800428c                _fini
 .fini          0x0000000008004290        0x8 /opt/gcc-arm-none-eabi-6-2017-q1-update/bin/../lib/gcc/arm-none-eabi/6.3.1/thumb/v7-m/crtn.o
                0x0000000008004298                . = ALIGN (0x4)
                0x0000000008004298                _etext = .

.vfp11_veneer   0x0000000008004298        0x0
 .vfp11_veneer  0x0000000008004298        0x0 linker stubs

.v4_bx          0x0000000008004298        0x0
 .v4_bx         0x0000000008004298        0x0 linker stubs

.iplt           0x0000000008004298        0x0
 .iplt          0x0000000008004298        0x0 /opt/gcc-arm-none-eabi-6-2017-q1-update/bin/../lib/gcc/arm-none-eabi/6.3.1/thumb/v7-m/crtbegin.o

.rodata         0x0000000008004298      0x21c
                0x0000000008004298                . = ALIGN (0x4)
 *(.rodata)
 .rodata        0x0000000008004298       0x10 build/stm32f1xx_hal_rcc.o
 .rodata        0x00000000080042a8       0x14 build/main.o
 .rodata        0x00000000080042bc      0x16c build/rf.o
 *(.rodata*)
 .rodata.vTaskStartScheduler.str1.1
                0x0000000008004428        0x5 build/tasks.o
 .rodata.AHBPrescTable
                0x000000000800442d       0x10 build/system_stm32f1xx.o
                0x000000000800442d                AHBPrescTable
 .rodata.APBPrescTable
                0x000000000800443d        0x8 build/system_stm32f1xx.o
                0x000000000800443d                APBPrescTable
 .rodata.CSWTCH.39
                0x0000000008004445        0x4 build/usbd_conf.o
 .rodata.USBD_LL_Init.str1.1
                0x0000000008004449       0x10 build/usbd_conf.o
 .rodata.USBD_FS_ConfigStrDescriptor.str1.1
                0x0000000008004459        0xb build/usbd_desc.o
 .rodata.USBD_FS_InterfaceStrDescriptor.str1.1
                0x0000000008004464        0xe build/usbd_desc.o
 .rodata.USBD_FS_ManufacturerStrDescriptor.str1.1
                0x0000000008004472       0x13 build/usbd_desc.o
 .rodata.USBD_FS_ProductStrDescriptor.str1.1
                0x0000000008004485       0x16 build/usbd_desc.o
 .rodata.USBD_FS_SerialStrDescriptor.str1.1
                0x000000000800449b        0xd build/usbd_desc.o
 .rodata.str1.1
                0x00000000080044a8        0xc build/main.o
                0x00000000080044b4                . = ALIGN (0x4)

.rel.dyn        0x00000000080044b4        0x0
 .rel.iplt      0x00000000080044b4        0x0 /opt/gcc-arm-none-eabi-6-2017-q1-update/bin/../lib/gcc/arm-none-eabi/6.3.1/thumb/v7-m/crtbegin.o

.ARM.extab
 *(.ARM.extab* .gnu.linkonce.armextab.*)

.ARM            0x00000000080044b4        0x0
                0x00000000080044b4                __exidx_start = .
 *(.ARM.exidx*)
                0x00000000080044b4                __exidx_end = .

.preinit_array  0x00000000080044b4        0x0
                0x00000000080044b4                PROVIDE (__preinit_array_start, .)
 *(.preinit_array*)
                0x00000000080044b4                PROVIDE (__preinit_array_end, .)

.init_array     0x00000000080044b4        0x4
                0x00000000080044b4                PROVIDE (__init_array_start, .)
 *(SORT(.init_array.*))
 *(.init_array*)
 .init_array    0x00000000080044b4        0x4 /opt/gcc-arm-none-eabi-6-2017-q1-update/bin/../lib/gcc/arm-none-eabi/6.3.1/thumb/v7-m/crtbegin.o
                0x00000000080044b8                PROVIDE (__init_array_end, .)

.fini_array     0x00000000080044b8        0x4
                [!provide]                        PROVIDE (__fini_array_start, .)
 *(SORT(.fini_array.*))
 *(.fini_array*)
 .fini_array    0x00000000080044b8        0x4 /opt/gcc-arm-none-eabi-6-2017-q1-update/bin/../lib/gcc/arm-none-eabi/6.3.1/thumb/v7-m/crtbegin.o
                [!provide]                        PROVIDE (__fini_array_end, .)
                0x00000000080044bc                _sidata = LOADADDR (.data)

.data           0x0000000020000000      0x15c load address 0x00000000080044bc
                0x0000000020000000                . = ALIGN (0x4)
                0x0000000020000000                _sdata = .
 *(.data)
 *(.data*)
 .data.USBD_CDC
                0x0000000020000000       0x38 build/usbd_cdc.o
                0x0000000020000000                USBD_CDC
 .data.USBD_CDC_CfgFSDesc
                0x0000000020000038       0x43 build/usbd_cdc.o
                0x0000000020000038                USBD_CDC_CfgFSDesc
 *fill*         0x000000002000007b        0x1 
 .data.USBD_CDC_CfgHSDesc
                0x000000002000007c       0x43 build/usbd_cdc.o
                0x000000002000007c                USBD_CDC_CfgHSDesc
 *fill*         0x00000000200000bf        0x1 
 .data.USBD_CDC_DeviceQualifierDesc
                0x00000000200000c0        0xa build/usbd_cdc.o
 *fill*         0x00000000200000ca        0x2 
 .data.USBD_CDC_OtherSpeedCfgDesc
                0x00000000200000cc       0x43 build/usbd_cdc.o
                0x00000000200000cc                USBD_CDC_OtherSpeedCfgDesc
 *fill*         0x000000002000010f        0x1 
 .data.uxCriticalNesting
                0x0000000020000110        0x4 build/port.o
 .data.SystemCoreClock
                0x0000000020000114        0x4 build/system_stm32f1xx.o
                0x0000000020000114                SystemCoreClock
 .data.FS_Desc  0x0000000020000118       0x1c build/usbd_desc.o
                0x0000000020000118                FS_Desc
 .data.USBD_FS_DeviceDesc
                0x0000000020000134       0x12 build/usbd_desc.o
                0x0000000020000134                USBD_FS_DeviceDesc
 *fill*         0x0000000020000146        0x2 
 .data.USBD_LangIDDesc
                0x0000000020000148        0x4 build/usbd_desc.o
                0x0000000020000148                USBD_LangIDDesc
 .data.USBD_Interface_fops_FS
                0x000000002000014c       0x10 build/usbd_cdc_if.o
                0x000000002000014c                USBD_Interface_fops_FS
                0x000000002000015c                . = ALIGN (0x4)
                0x000000002000015c                _edata = .

.jcr            0x000000002000015c        0x0 load address 0x0000000008004618
 .jcr           0x000000002000015c        0x0 /opt/gcc-arm-none-eabi-6-2017-q1-update/bin/../lib/gcc/arm-none-eabi/6.3.1/thumb/v7-m/crtbegin.o

.igot.plt       0x000000002000015c        0x0 load address 0x0000000008004618
 .igot.plt      0x000000002000015c        0x0 /opt/gcc-arm-none-eabi-6-2017-q1-update/bin/../lib/gcc/arm-none-eabi/6.3.1/thumb/v7-m/crtbegin.o
                0x000000002000015c                . = ALIGN (0x4)

.bss            0x000000002000015c     0x1894 load address 0x0000000008004618
                0x000000002000015c                _sbss = .
                0x000000002000015c                __bss_start__ = _sbss
 *(.bss)
 .bss           0x000000002000015c       0x1c /opt/gcc-arm-none-eabi-6-2017-q1-update/bin/../lib/gcc/arm-none-eabi/6.3.1/thumb/v7-m/crtbegin.o
 *(.bss*)
 .bss.uCRCErrorWorkaroundCheck
                0x0000000020000178        0x1 build/stm32f1xx_hal_spi_ex.o
                0x0000000020000178                uCRCErrorWorkaroundCheck
 *fill*         0x0000000020000179        0x3 
 .bss.uwTick    0x000000002000017c        0x4 build/stm32f1xx_hal.o
 .bss.ifalt.7527
                0x0000000020000180        0x1 build/usbd_cdc.o
 .bss.cfgidx.7532
                0x0000000020000181        0x1 build/usbd_ctlreq.o
 .bss.ucMaxSysCallPriority
                0x0000000020000182        0x1 build/port.o
 *fill*         0x0000000020000183        0x1 
 .bss.ulMaxPRIGROUPValue
                0x0000000020000184        0x4 build/port.o
 .bss.pxEnd     0x0000000020000188        0x4 build/heap_4.o
 .bss.ucHeap    0x000000002000018c      0xc00 build/heap_4.o
 .bss.xBlockAllocatedBit
                0x0000000020000d8c        0x4 build/heap_4.o
 .bss.xFreeBytesRemaining
                0x0000000020000d90        0x4 build/heap_4.o
 .bss.xMinimumEverFreeBytesRemaining
                0x0000000020000d94        0x4 build/heap_4.o
 .bss.xStart    0x0000000020000d98        0x8 build/heap_4.o
 .bss.pxCurrentTCB
                0x0000000020000da0        0x4 build/tasks.o
                0x0000000020000da0                pxCurrentTCB
 .bss.pxDelayedTaskList
                0x0000000020000da4        0x4 build/tasks.o
 .bss.pxOverflowDelayedTaskList
                0x0000000020000da8        0x4 build/tasks.o
 .bss.pxReadyTasksLists
                0x0000000020000dac       0x8c build/tasks.o
 .bss.uxCurrentNumberOfTasks
                0x0000000020000e38        0x4 build/tasks.o
 .bss.uxPendedTicks
                0x0000000020000e3c        0x4 build/tasks.o
 .bss.uxSchedulerSuspended
                0x0000000020000e40        0x4 build/tasks.o
 .bss.uxTaskNumber
                0x0000000020000e44        0x4 build/tasks.o
 .bss.uxTasksDeleted
                0x0000000020000e48        0x4 build/tasks.o
 .bss.uxTopReadyPriority
                0x0000000020000e4c        0x4 build/tasks.o
 .bss.xDelayedTaskList1
                0x0000000020000e50       0x14 build/tasks.o
 .bss.xDelayedTaskList2
                0x0000000020000e64       0x14 build/tasks.o
 .bss.xNextTaskUnblockTime
                0x0000000020000e78        0x4 build/tasks.o
 .bss.xNumOfOverflows
                0x0000000020000e7c        0x4 build/tasks.o
 .bss.xPendingReadyList
                0x0000000020000e80       0x14 build/tasks.o
 .bss.xSchedulerRunning
                0x0000000020000e94        0x4 build/tasks.o
 .bss.xSuspendedTaskList
                0x0000000020000e98       0x14 build/tasks.o
 .bss.xTasksWaitingTermination
                0x0000000020000eac       0x14 build/tasks.o
 .bss.xTickCount
                0x0000000020000ec0        0x4 build/tasks.o
 .bss.xYieldPending
                0x0000000020000ec4        0x4 build/tasks.o
 .bss.mem.7686  0x0000000020000ec8      0x220 build/usbd_conf.o
 .bss.nsel      0x00000000200010e8        0x2 build/rf.o
 *fill*         0x00000000200010ea        0x2 
 .bss.nsel_port
                0x00000000200010ec        0x4 build/rf.o
 .bss.spi_handle
                0x00000000200010f0        0x4 build/rf.o
 *(COMMON)
 COMMON         0x00000000200010f4      0x224 build/usb_device.o
                0x00000000200010f4                hUsbDeviceFS
 COMMON         0x0000000020001318      0x420 build/usbd_conf.o
                0x0000000020001318                hpcd_USB_FS
 COMMON         0x0000000020001738      0x200 build/usbd_desc.o
                0x0000000020001738                USBD_StrDesc
 COMMON         0x0000000020001938        0x8 build/usbd_cdc_if.o
                0x0000000020001938                UserRxBufferFS
                0x000000002000193c                UserTxBufferFS
 COMMON         0x0000000020001940       0x3c build/stm32f1xx_hal_timebase_TIM.o
                0x0000000020001940                htim1
 COMMON         0x000000002000197c       0x74 build/main.o
                0x000000002000197c                defaultTaskHandle
                0x0000000020001980                hiwdg
                0x0000000020001990                hcrc
                0x0000000020001998                hspi1
                0x00000000200019f0                . = ALIGN (0x4)
                0x00000000200019f0                _ebss = .
                0x00000000200019f0                __bss_end__ = _ebss

._user_heap_stack
                0x00000000200019f0      0x600 load address 0x0000000008004618
                0x00000000200019f0                . = ALIGN (0x8)
                [!provide]                        PROVIDE (end, .)
                [!provide]                        PROVIDE (_end, .)
                0x0000000020001bf0                . = (. + _Min_Heap_Size)
 *fill*         0x00000000200019f0      0x200 
                0x0000000020001ff0                . = (. + _Min_Stack_Size)
 *fill*         0x0000000020001bf0      0x400 
                0x0000000020001ff0                . = ALIGN (0x8)

/DISCARD/
 libc.a(*)
 libm.a(*)
 libgcc.a(*)

.ARM.attributes
                0x0000000000000000       0x29
 *(.ARM.attributes)
 .ARM.attributes
                0x0000000000000000       0x1d /opt/gcc-arm-none-eabi-6-2017-q1-update/bin/../lib/gcc/arm-none-eabi/6.3.1/thumb/v7-m/crti.o
 .ARM.attributes
                0x000000000000001d       0x2d /opt/gcc-arm-none-eabi-6-2017-q1-update/bin/../lib/gcc/arm-none-eabi/6.3.1/thumb/v7-m/crtbegin.o
 .ARM.attributes
                0x000000000000004a       0x33 build/stm32f1xx_hal_pcd.o
 .ARM.attributes
                0x000000000000007d       0x33 build/stm32f1xx_hal_pcd_ex.o
 .ARM.attributes
                0x00000000000000b0       0x33 build/stm32f1xx_ll_usb.o
 .ARM.attributes
                0x00000000000000e3       0x33 build/stm32f1xx_hal_crc.o
 .ARM.attributes
                0x0000000000000116       0x33 build/stm32f1xx_hal_iwdg.o
 .ARM.attributes
                0x0000000000000149       0x33 build/stm32f1xx_hal_spi.o
 .ARM.attributes
                0x000000000000017c       0x33 build/stm32f1xx_hal_spi_ex.o
 .ARM.attributes
                0x00000000000001af       0x33 build/stm32f1xx_hal_tim.o
 .ARM.attributes
                0x00000000000001e2       0x33 build/stm32f1xx_hal_tim_ex.o
 .ARM.attributes
                0x0000000000000215       0x33 build/stm32f1xx_hal.o
 .ARM.attributes
                0x0000000000000248       0x33 build/stm32f1xx_hal_rcc.o
 .ARM.attributes
                0x000000000000027b       0x33 build/stm32f1xx_hal_rcc_ex.o
 .ARM.attributes
                0x00000000000002ae       0x33 build/stm32f1xx_hal_gpio.o
 .ARM.attributes
                0x00000000000002e1       0x33 build/stm32f1xx_hal_cortex.o
 .ARM.attributes
                0x0000000000000314       0x33 build/usbd_cdc.o
 .ARM.attributes
                0x0000000000000347       0x33 build/usbd_core.o
 .ARM.attributes
                0x000000000000037a       0x33 build/usbd_ctlreq.o
 .ARM.attributes
                0x00000000000003ad       0x33 build/usbd_ioreq.o
 .ARM.attributes
                0x00000000000003e0       0x33 build/port.o
 .ARM.attributes
                0x0000000000000413       0x33 build/heap_4.o
 .ARM.attributes
                0x0000000000000446       0x33 build/cmsis_os.o
 .ARM.attributes
                0x0000000000000479       0x33 build/list.o
 .ARM.attributes
                0x00000000000004ac       0x33 build/tasks.o
 .ARM.attributes
                0x00000000000004df       0x33 build/system_stm32f1xx.o
 .ARM.attributes
                0x0000000000000512       0x33 build/usb_device.o
 .ARM.attributes
                0x0000000000000545       0x33 build/usbd_conf.o
 .ARM.attributes
                0x0000000000000578       0x33 build/usbd_desc.o
 .ARM.attributes
                0x00000000000005ab       0x33 build/usbd_cdc_if.o
 .ARM.attributes
                0x00000000000005de       0x33 build/stm32f1xx_it.o
 .ARM.attributes
                0x0000000000000611       0x33 build/stm32f1xx_hal_msp.o
 .ARM.attributes
                0x0000000000000644       0x33 build/stm32f1xx_hal_timebase_TIM.o
 .ARM.attributes
                0x0000000000000677       0x33 build/main.o
 .ARM.attributes
                0x00000000000006aa       0x33 build/rf.o
 .ARM.attributes
                0x00000000000006dd       0x21 build/startup_stm32f103xb.o
 .ARM.attributes
                0x00000000000006fe       0x2d /opt/gcc-arm-none-eabi-6-2017-q1-update/bin/../lib/gcc/arm-none-eabi/6.3.1/../../../../arm-none-eabi/lib/thumb/v7-m/libc_nano.a(lib_a-init.o)
 .ARM.attributes
                0x000000000000072b       0x2d /opt/gcc-arm-none-eabi-6-2017-q1-update/bin/../lib/gcc/arm-none-eabi/6.3.1/../../../../arm-none-eabi/lib/thumb/v7-m/libc_nano.a(lib_a-memcpy-stub.o)
 .ARM.attributes
                0x0000000000000758       0x2d /opt/gcc-arm-none-eabi-6-2017-q1-update/bin/../lib/gcc/arm-none-eabi/6.3.1/../../../../arm-none-eabi/lib/thumb/v7-m/libc_nano.a(lib_a-memset.o)
 .ARM.attributes
                0x0000000000000785       0x1d /opt/gcc-arm-none-eabi-6-2017-q1-update/bin/../lib/gcc/arm-none-eabi/6.3.1/thumb/v7-m/crtn.o
OUTPUT(build/firmware.elf elf32-littlearm)

.debug_info     0x0000000000000000    0x2dc55
 .debug_info    0x0000000000000000     0x1ba2 build/stm32f1xx_hal_pcd.o
 .debug_info    0x0000000000001ba2      0xf72 build/stm32f1xx_hal_pcd_ex.o
 .debug_info    0x0000000000002b14     0x1884 build/stm32f1xx_ll_usb.o
 .debug_info    0x0000000000004398      0xd3b build/stm32f1xx_hal_crc.o
 .debug_info    0x00000000000050d3      0xcd0 build/stm32f1xx_hal_iwdg.o
 .debug_info    0x0000000000005da3     0x1fb5 build/stm32f1xx_hal_spi.o
 .debug_info    0x0000000000007d58      0xf78 build/stm32f1xx_hal_spi_ex.o
 .debug_info    0x0000000000008cd0     0x3e69 build/stm32f1xx_hal_tim.o
 .debug_info    0x000000000000cb39     0x1b0e build/stm32f1xx_hal_tim_ex.o
 .debug_info    0x000000000000e647     0x1087 build/stm32f1xx_hal.o
 .debug_info    0x000000000000f6ce     0x1b9a build/stm32f1xx_hal_rcc.o
 .debug_info    0x0000000000011268      0xee3 build/stm32f1xx_hal_rcc_ex.o
 .debug_info    0x000000000001214b      0xfdc build/stm32f1xx_hal_gpio.o
 .debug_info    0x0000000000013127     0x1602 build/stm32f1xx_hal_cortex.o
 .debug_info    0x0000000000014729     0x16c2 build/usbd_cdc.o
 .debug_info    0x0000000000015deb     0x1638 build/usbd_core.o
 .debug_info    0x0000000000017423     0x162f build/usbd_ctlreq.o
 .debug_info    0x0000000000018a52     0x114a build/usbd_ioreq.o
 .debug_info    0x0000000000019b9c      0x430 build/port.o
 .debug_info    0x0000000000019fcc      0xd3e build/heap_4.o
 .debug_info    0x000000000001ad0a     0x25a8 build/cmsis_os.o
 .debug_info    0x000000000001d2b2      0xbd6 build/list.o
 .debug_info    0x000000000001de88     0x27aa build/tasks.o
 .debug_info    0x0000000000020632      0xd4a build/system_stm32f1xx.o
 .debug_info    0x000000000002137c      0xffd build/usb_device.o
 .debug_info    0x0000000000022379     0x2341 build/usbd_conf.o
 .debug_info    0x00000000000246ba      0xe99 build/usbd_desc.o
 .debug_info    0x0000000000025553     0x1235 build/usbd_cdc_if.o
 .debug_info    0x0000000000026788     0x1429 build/stm32f1xx_it.o
 .debug_info    0x0000000000027bb1     0x1553 build/stm32f1xx_hal_msp.o
 .debug_info    0x0000000000029104     0x12d0 build/stm32f1xx_hal_timebase_TIM.o
 .debug_info    0x000000000002a3d4     0x23eb build/main.o
 .debug_info    0x000000000002c7bf     0x142b build/rf.o
 .debug_info    0x000000000002dbea       0x6b build/startup_stm32f103xb.o

.debug_abbrev   0x0000000000000000     0x62c5
 .debug_abbrev  0x0000000000000000      0x3f5 build/stm32f1xx_hal_pcd.o
 .debug_abbrev  0x00000000000003f5      0x211 build/stm32f1xx_hal_pcd_ex.o
 .debug_abbrev  0x0000000000000606      0x34f build/stm32f1xx_ll_usb.o
 .debug_abbrev  0x0000000000000955      0x292 build/stm32f1xx_hal_crc.o
 .debug_abbrev  0x0000000000000be7      0x2a4 build/stm32f1xx_hal_iwdg.o
 .debug_abbrev  0x0000000000000e8b      0x3cd build/stm32f1xx_hal_spi.o
 .debug_abbrev  0x0000000000001258      0x222 build/stm32f1xx_hal_spi_ex.o
 .debug_abbrev  0x000000000000147a      0x420 build/stm32f1xx_hal_tim.o
 .debug_abbrev  0x000000000000189a      0x346 build/stm32f1xx_hal_tim_ex.o
 .debug_abbrev  0x0000000000001be0      0x330 build/stm32f1xx_hal.o
 .debug_abbrev  0x0000000000001f10      0x39b build/stm32f1xx_hal_rcc.o
 .debug_abbrev  0x00000000000022ab      0x31c build/stm32f1xx_hal_rcc_ex.o
 .debug_abbrev  0x00000000000025c7      0x2ba build/stm32f1xx_hal_gpio.o
 .debug_abbrev  0x0000000000002881      0x3af build/stm32f1xx_hal_cortex.o
 .debug_abbrev  0x0000000000002c30      0x339 build/usbd_cdc.o
 .debug_abbrev  0x0000000000002f69      0x35b build/usbd_core.o
 .debug_abbrev  0x00000000000032c4      0x3df build/usbd_ctlreq.o
 .debug_abbrev  0x00000000000036a3      0x1f5 build/usbd_ioreq.o
 .debug_abbrev  0x0000000000003898      0x222 build/port.o
 .debug_abbrev  0x0000000000003aba      0x30b build/heap_4.o
 .debug_abbrev  0x0000000000003dc5      0x469 build/cmsis_os.o
 .debug_abbrev  0x000000000000422e      0x217 build/list.o
 .debug_abbrev  0x0000000000004445      0x41b build/tasks.o
 .debug_abbrev  0x0000000000004860      0x207 build/system_stm32f1xx.o
 .debug_abbrev  0x0000000000004a67      0x1fb build/usb_device.o
 .debug_abbrev  0x0000000000004c62      0x33e build/usbd_conf.o
 .debug_abbrev  0x0000000000004fa0      0x2a9 build/usbd_desc.o
 .debug_abbrev  0x0000000000005249      0x2ba build/usbd_cdc_if.o
 .debug_abbrev  0x0000000000005503      0x23f build/stm32f1xx_it.o
 .debug_abbrev  0x0000000000005742      0x261 build/stm32f1xx_hal_msp.o
 .debug_abbrev  0x00000000000059a3      0x275 build/stm32f1xx_hal_timebase_TIM.o
 .debug_abbrev  0x0000000000005c18      0x389 build/main.o
 .debug_abbrev  0x0000000000005fa1      0x312 build/rf.o
 .debug_abbrev  0x00000000000062b3       0x12 build/startup_stm32f103xb.o

.debug_loc      0x0000000000000000     0xf2db
 .debug_loc     0x0000000000000000      0xc3f build/stm32f1xx_hal_pcd.o
 .debug_loc     0x0000000000000c3f       0xe0 build/stm32f1xx_hal_pcd_ex.o
 .debug_loc     0x0000000000000d1f      0xc04 build/stm32f1xx_ll_usb.o
 .debug_loc     0x0000000000001923      0x26d build/stm32f1xx_hal_crc.o
 .debug_loc     0x0000000000001b90       0xfe build/stm32f1xx_hal_iwdg.o
 .debug_loc     0x0000000000001c8e     0x1425 build/stm32f1xx_hal_spi.o
 .debug_loc     0x00000000000030b3       0x83 build/stm32f1xx_hal_spi_ex.o
 .debug_loc     0x0000000000003136     0x369d build/stm32f1xx_hal_tim.o
 .debug_loc     0x00000000000067d3      0xa6a build/stm32f1xx_hal_tim_ex.o
 .debug_loc     0x000000000000723d       0xff build/stm32f1xx_hal.o
 .debug_loc     0x000000000000733c      0x949 build/stm32f1xx_hal_rcc.o
 .debug_loc     0x0000000000007c85      0x3d8 build/stm32f1xx_hal_rcc_ex.o
 .debug_loc     0x000000000000805d      0x40e build/stm32f1xx_hal_gpio.o
 .debug_loc     0x000000000000846b      0x4cb build/stm32f1xx_hal_cortex.o
 .debug_loc     0x0000000000008936      0x5af build/usbd_cdc.o
 .debug_loc     0x0000000000008ee5      0x772 build/usbd_core.o
 .debug_loc     0x0000000000009657      0x8bd build/usbd_ctlreq.o
 .debug_loc     0x0000000000009f14      0x31c build/usbd_ioreq.o
 .debug_loc     0x000000000000a230      0x190 build/port.o
 .debug_loc     0x000000000000a3c0      0x4ee build/heap_4.o
 .debug_loc     0x000000000000a8ae     0x14c6 build/cmsis_os.o
 .debug_loc     0x000000000000bd74       0xb4 build/list.o
 .debug_loc     0x000000000000be28     0x1d6d build/tasks.o
 .debug_loc     0x000000000000db95       0xcd build/system_stm32f1xx.o
 .debug_loc     0x000000000000dc62       0x2c build/usb_device.o
 .debug_loc     0x000000000000dc8e      0xb7d build/usbd_conf.o
 .debug_loc     0x000000000000e80b      0x313 build/usbd_desc.o
 .debug_loc     0x000000000000eb1e      0x17d build/usbd_cdc_if.o
 .debug_loc     0x000000000000ec9b       0xd1 build/stm32f1xx_hal_msp.o
 .debug_loc     0x000000000000ed6c       0xd8 build/stm32f1xx_hal_timebase_TIM.o
 .debug_loc     0x000000000000ee44       0xdf build/main.o
 .debug_loc     0x000000000000ef23      0x3b8 build/rf.o

.debug_aranges  0x0000000000000000     0x1220
 .debug_aranges
                0x0000000000000000       0xc0 build/stm32f1xx_hal_pcd.o
 .debug_aranges
                0x00000000000000c0       0x28 build/stm32f1xx_hal_pcd_ex.o
 .debug_aranges
                0x00000000000000e8       0xe0 build/stm32f1xx_ll_usb.o
 .debug_aranges
                0x00000000000001c8       0x48 build/stm32f1xx_hal_crc.o
 .debug_aranges
                0x0000000000000210       0x40 build/stm32f1xx_hal_iwdg.o
 .debug_aranges
                0x0000000000000250      0x110 build/stm32f1xx_hal_spi.o
 .debug_aranges
                0x0000000000000360       0x28 build/stm32f1xx_hal_spi_ex.o
 .debug_aranges
                0x0000000000000388      0x250 build/stm32f1xx_hal_tim.o
 .debug_aranges
                0x00000000000005d8       0xe8 build/stm32f1xx_hal_tim_ex.o
 .debug_aranges
                0x00000000000006c0       0xa8 build/stm32f1xx_hal.o
 .debug_aranges
                0x0000000000000768       0x88 build/stm32f1xx_hal_rcc.o
 .debug_aranges
                0x00000000000007f0       0x30 build/stm32f1xx_hal_rcc_ex.o
 .debug_aranges
                0x0000000000000820       0x58 build/stm32f1xx_hal_gpio.o
 .debug_aranges
                0x0000000000000878       0x90 build/stm32f1xx_hal_cortex.o
 .debug_aranges
                0x0000000000000908       0x90 build/usbd_cdc.o
 .debug_aranges
                0x0000000000000998       0xa8 build/usbd_core.o
 .debug_aranges
                0x0000000000000a40       0x50 build/usbd_ctlreq.o
 .debug_aranges
                0x0000000000000a90       0x50 build/usbd_ioreq.o
 .debug_aranges
                0x0000000000000ae0       0x90 build/port.o
 .debug_aranges
                0x0000000000000b70       0x48 build/heap_4.o
 .debug_aranges
                0x0000000000000bb8      0x178 build/cmsis_os.o
 .debug_aranges
                0x0000000000000d30       0x40 build/list.o
 .debug_aranges
                0x0000000000000d70      0x160 build/tasks.o
 .debug_aranges
                0x0000000000000ed0       0x28 build/system_stm32f1xx.o
 .debug_aranges
                0x0000000000000ef8       0x20 build/usb_device.o
 .debug_aranges
                0x0000000000000f18      0x110 build/usbd_conf.o
 .debug_aranges
                0x0000000000001028       0x50 build/usbd_desc.o
 .debug_aranges
                0x0000000000001078       0x40 build/usbd_cdc_if.o
 .debug_aranges
                0x00000000000010b8       0x58 build/stm32f1xx_it.o
 .debug_aranges
                0x0000000000001110       0x40 build/stm32f1xx_hal_msp.o
 .debug_aranges
                0x0000000000001150       0x30 build/stm32f1xx_hal_timebase_TIM.o
 .debug_aranges
                0x0000000000001180       0x40 build/main.o
 .debug_aranges
                0x00000000000011c0       0x38 build/rf.o
 .debug_aranges
                0x00000000000011f8       0x28 build/startup_stm32f103xb.o

.debug_ranges   0x0000000000000000     0x1850
 .debug_ranges  0x0000000000000000      0x118 build/stm32f1xx_hal_pcd.o
 .debug_ranges  0x0000000000000118       0x18 build/stm32f1xx_hal_pcd_ex.o
 .debug_ranges  0x0000000000000130      0x210 build/stm32f1xx_ll_usb.o
 .debug_ranges  0x0000000000000340       0x38 build/stm32f1xx_hal_crc.o
 .debug_ranges  0x0000000000000378       0x30 build/stm32f1xx_hal_iwdg.o
 .debug_ranges  0x00000000000003a8      0x158 build/stm32f1xx_hal_spi.o
 .debug_ranges  0x0000000000000500       0x18 build/stm32f1xx_hal_spi_ex.o
 .debug_ranges  0x0000000000000518      0x328 build/stm32f1xx_hal_tim.o
 .debug_ranges  0x0000000000000840       0xd8 build/stm32f1xx_hal_tim_ex.o
 .debug_ranges  0x0000000000000918       0x98 build/stm32f1xx_hal.o
 .debug_ranges  0x00000000000009b0      0x238 build/stm32f1xx_hal_rcc.o
 .debug_ranges  0x0000000000000be8       0x80 build/stm32f1xx_hal_rcc_ex.o
 .debug_ranges  0x0000000000000c68       0x60 build/stm32f1xx_hal_gpio.o
 .debug_ranges  0x0000000000000cc8      0x128 build/stm32f1xx_hal_cortex.o
 .debug_ranges  0x0000000000000df0       0x80 build/usbd_cdc.o
 .debug_ranges  0x0000000000000e70       0x98 build/usbd_core.o
 .debug_ranges  0x0000000000000f08       0xc0 build/usbd_ctlreq.o
 .debug_ranges  0x0000000000000fc8       0x40 build/usbd_ioreq.o
 .debug_ranges  0x0000000000001008       0x98 build/port.o
 .debug_ranges  0x00000000000010a0       0x38 build/heap_4.o
 .debug_ranges  0x00000000000010d8      0x180 build/cmsis_os.o
 .debug_ranges  0x0000000000001258       0x30 build/list.o
 .debug_ranges  0x0000000000001288      0x200 build/tasks.o
 .debug_ranges  0x0000000000001488       0x18 build/system_stm32f1xx.o
 .debug_ranges  0x00000000000014a0       0x10 build/usb_device.o
 .debug_ranges  0x00000000000014b0      0x128 build/usbd_conf.o
 .debug_ranges  0x00000000000015d8       0x40 build/usbd_desc.o
 .debug_ranges  0x0000000000001618       0x30 build/usbd_cdc_if.o
 .debug_ranges  0x0000000000001648       0x48 build/stm32f1xx_it.o
 .debug_ranges  0x0000000000001690       0x70 build/stm32f1xx_hal_msp.o
 .debug_ranges  0x0000000000001700       0x48 build/stm32f1xx_hal_timebase_TIM.o
 .debug_ranges  0x0000000000001748       0x88 build/main.o
 .debug_ranges  0x00000000000017d0       0x60 build/rf.o
 .debug_ranges  0x0000000000001830       0x20 build/startup_stm32f103xb.o

.debug_line     0x0000000000000000     0x9dad
 .debug_line    0x0000000000000000      0x6d3 build/stm32f1xx_hal_pcd.o
 .debug_line    0x00000000000006d3      0x286 build/stm32f1xx_hal_pcd_ex.o
 .debug_line    0x0000000000000959      0x580 build/stm32f1xx_ll_usb.o
 .debug_line    0x0000000000000ed9      0x31b build/stm32f1xx_hal_crc.o
 .debug_line    0x00000000000011f4      0x31a build/stm32f1xx_hal_iwdg.o
 .debug_line    0x000000000000150e      0xbf9 build/stm32f1xx_hal_spi.o
 .debug_line    0x0000000000002107      0x29d build/stm32f1xx_hal_spi_ex.o
 .debug_line    0x00000000000023a4     0x10e2 build/stm32f1xx_hal_tim.o
 .debug_line    0x0000000000003486      0x6a5 build/stm32f1xx_hal_tim_ex.o
 .debug_line    0x0000000000003b2b      0x3c0 build/stm32f1xx_hal.o
 .debug_line    0x0000000000003eeb      0x857 build/stm32f1xx_hal_rcc.o
 .debug_line    0x0000000000004742      0x3e6 build/stm32f1xx_hal_rcc_ex.o
 .debug_line    0x0000000000004b28      0x3e5 build/stm32f1xx_hal_gpio.o
 .debug_line    0x0000000000004f0d      0x3cf build/stm32f1xx_hal_cortex.o
 .debug_line    0x00000000000052dc      0x438 build/usbd_cdc.o
 .debug_line    0x0000000000005714      0x428 build/usbd_core.o
 .debug_line    0x0000000000005b3c      0x3a8 build/usbd_ctlreq.o
 .debug_line    0x0000000000005ee4      0x2be build/usbd_ioreq.o
 .debug_line    0x00000000000061a2      0x2ed build/port.o
 .debug_line    0x000000000000648f      0x33a build/heap_4.o
 .debug_line    0x00000000000067c9      0x801 build/cmsis_os.o
 .debug_line    0x0000000000006fca      0x295 build/list.o
 .debug_line    0x000000000000725f      0xa27 build/tasks.o
 .debug_line    0x0000000000007c86      0x225 build/system_stm32f1xx.o
 .debug_line    0x0000000000007eab      0x292 build/usb_device.o
 .debug_line    0x000000000000813d      0x57d build/usbd_conf.o
 .debug_line    0x00000000000086ba      0x29b build/usbd_desc.o
 .debug_line    0x0000000000008955      0x2b7 build/usbd_cdc_if.o
 .debug_line    0x0000000000008c0c      0x321 build/stm32f1xx_it.o
 .debug_line    0x0000000000008f2d      0x307 build/stm32f1xx_hal_msp.o
 .debug_line    0x0000000000009234      0x2c9 build/stm32f1xx_hal_timebase_TIM.o
 .debug_line    0x00000000000094fd      0x4fe build/main.o
 .debug_line    0x00000000000099fb      0x340 build/rf.o
 .debug_line    0x0000000000009d3b       0x72 build/startup_stm32f103xb.o

.debug_str      0x0000000000000000     0x6213
 .debug_str     0x0000000000000000      0xd96 build/stm32f1xx_hal_pcd.o
                                        0xe48 (size before relaxing)
 .debug_str     0x0000000000000d96       0x54 build/stm32f1xx_hal_pcd_ex.o
                                        0x963 (size before relaxing)
 .debug_str     0x0000000000000dea      0x15f build/stm32f1xx_ll_usb.o
                                        0xb36 (size before relaxing)
 .debug_str     0x0000000000000f49      0x15b build/stm32f1xx_hal_crc.o
                                        0x7b7 (size before relaxing)
 .debug_str     0x00000000000010a4      0x15b build/stm32f1xx_hal_iwdg.o
                                        0x79e (size before relaxing)
 .debug_str     0x00000000000011ff      0x6af build/stm32f1xx_hal_spi.o
                                        0xd7a (size before relaxing)
 .debug_str     0x00000000000018ae       0x51 build/stm32f1xx_hal_spi_ex.o
                                        0xa14 (size before relaxing)
 .debug_str     0x00000000000018ff      0xeea build/stm32f1xx_hal_tim.o
                                       0x1749 (size before relaxing)
 .debug_str     0x00000000000027e9      0x4e6 build/stm32f1xx_hal_tim_ex.o
                                        0xfe3 (size before relaxing)
 .debug_str     0x0000000000002ccf      0x560 build/stm32f1xx_hal.o
                                        0xb85 (size before relaxing)
 .debug_str     0x000000000000322f      0x31b build/stm32f1xx_hal_rcc.o
                                        0xa04 (size before relaxing)
 .debug_str     0x000000000000354a      0x128 build/stm32f1xx_hal_rcc_ex.o
                                        0x7f4 (size before relaxing)
 .debug_str     0x0000000000003672      0x179 build/stm32f1xx_hal_gpio.o
                                        0x83e (size before relaxing)
 .debug_str     0x00000000000037eb      0x2a3 build/stm32f1xx_hal_cortex.o
                                        0xcd1 (size before relaxing)
 .debug_str     0x0000000000003a8e      0x642 build/usbd_cdc.o
                                        0xcd8 (size before relaxing)
 .debug_str     0x00000000000040d0      0x29d build/usbd_core.o
                                        0xc4a (size before relaxing)
 .debug_str     0x000000000000436d      0x12b build/usbd_ctlreq.o
                                        0xb64 (size before relaxing)
 .debug_str     0x0000000000004498       0x4e build/usbd_ioreq.o
                                        0xa91 (size before relaxing)
 .debug_str     0x00000000000044e6      0x2a1 build/port.o
                                        0x44f (size before relaxing)
 .debug_str     0x0000000000004787      0x226 build/heap_4.o
                                        0x7bc (size before relaxing)
 .debug_str     0x00000000000049ad      0x9ab build/cmsis_os.o
                                       0x10c6 (size before relaxing)
 .debug_str     0x0000000000005358      0x141 build/list.o
                                        0x6db (size before relaxing)
 .debug_str     0x0000000000005499      0x80c build/tasks.o
                                       0x119f (size before relaxing)
 .debug_str     0x0000000000005ca5       0x4a build/system_stm32f1xx.o
                                        0x6a7 (size before relaxing)
 .debug_str     0x0000000000005cef       0x48 build/usb_device.o
                                        0xa2a (size before relaxing)
 .debug_str     0x0000000000005d37       0x69 build/usbd_conf.o
                                       0x152b (size before relaxing)
 .debug_str     0x0000000000005da0      0x10b build/usbd_desc.o
                                        0x805 (size before relaxing)
 .debug_str     0x0000000000005eab       0x78 build/usbd_cdc_if.o
                                        0xb24 (size before relaxing)
 .debug_str     0x0000000000005f23       0xbc build/stm32f1xx_it.o
                                        0xcf3 (size before relaxing)
 .debug_str     0x0000000000005fdf       0x28 build/stm32f1xx_hal_msp.o
                                        0xe45 (size before relaxing)
 .debug_str     0x0000000000006007       0x58 build/stm32f1xx_hal_timebase_TIM.o
                                        0xe0e (size before relaxing)
 .debug_str     0x000000000000605f       0xb1 build/main.o
                                       0x18e5 (size before relaxing)
 .debug_str     0x0000000000006110      0x103 build/rf.o
                                        0xb36 (size before relaxing)

.comment        0x0000000000000000       0x7f
 .comment       0x0000000000000000       0x7f build/stm32f1xx_hal_pcd.o
                                         0x80 (size before relaxing)
 .comment       0x000000000000007f       0x80 build/stm32f1xx_hal_pcd_ex.o
 .comment       0x000000000000007f       0x80 build/stm32f1xx_ll_usb.o
 .comment       0x000000000000007f       0x80 build/stm32f1xx_hal_crc.o
 .comment       0x000000000000007f       0x80 build/stm32f1xx_hal_iwdg.o
 .comment       0x000000000000007f       0x80 build/stm32f1xx_hal_spi.o
 .comment       0x000000000000007f       0x80 build/stm32f1xx_hal_spi_ex.o
 .comment       0x000000000000007f       0x80 build/stm32f1xx_hal_tim.o
 .comment       0x000000000000007f       0x80 build/stm32f1xx_hal_tim_ex.o
 .comment       0x000000000000007f       0x80 build/stm32f1xx_hal.o
 .comment       0x000000000000007f       0x80 build/stm32f1xx_hal_rcc.o
 .comment       0x000000000000007f       0x80 build/stm32f1xx_hal_rcc_ex.o
 .comment       0x000000000000007f       0x80 build/stm32f1xx_hal_gpio.o
 .comment       0x000000000000007f       0x80 build/stm32f1xx_hal_cortex.o
 .comment       0x000000000000007f       0x80 build/usbd_cdc.o
 .comment       0x000000000000007f       0x80 build/usbd_core.o
 .comment       0x000000000000007f       0x80 build/usbd_ctlreq.o
 .comment       0x000000000000007f       0x80 build/usbd_ioreq.o
 .comment       0x000000000000007f       0x80 build/port.o
 .comment       0x000000000000007f       0x80 build/heap_4.o
 .comment       0x000000000000007f       0x80 build/cmsis_os.o
 .comment       0x000000000000007f       0x80 build/list.o
 .comment       0x000000000000007f       0x80 build/tasks.o
 .comment       0x000000000000007f       0x80 build/system_stm32f1xx.o
 .comment       0x000000000000007f       0x80 build/usb_device.o
 .comment       0x000000000000007f       0x80 build/usbd_conf.o
 .comment       0x000000000000007f       0x80 build/usbd_desc.o
 .comment       0x000000000000007f       0x80 build/usbd_cdc_if.o
 .comment       0x000000000000007f       0x80 build/stm32f1xx_it.o
 .comment       0x000000000000007f       0x80 build/stm32f1xx_hal_msp.o
 .comment       0x000000000000007f       0x80 build/stm32f1xx_hal_timebase_TIM.o
 .comment       0x000000000000007f       0x80 build/main.o
 .comment       0x000000000000007f       0x80 build/rf.o

.debug_frame    0x0000000000000000     0x3740
 .debug_frame   0x0000000000000000      0x304 build/stm32f1xx_hal_pcd.o
 .debug_frame   0x0000000000000304       0x30 build/stm32f1xx_hal_pcd_ex.o
 .debug_frame   0x0000000000000334      0x244 build/stm32f1xx_ll_usb.o
 .debug_frame   0x0000000000000578       0xb0 build/stm32f1xx_hal_crc.o
 .debug_frame   0x0000000000000628       0x7c build/stm32f1xx_hal_iwdg.o
 .debug_frame   0x00000000000006a4      0x424 build/stm32f1xx_hal_spi.o
 .debug_frame   0x0000000000000ac8       0x3c build/stm32f1xx_hal_spi_ex.o
 .debug_frame   0x0000000000000b04      0x934 build/stm32f1xx_hal_tim.o
 .debug_frame   0x0000000000001438      0x388 build/stm32f1xx_hal_tim_ex.o
 .debug_frame   0x00000000000017c0      0x170 build/stm32f1xx_hal.o
 .debug_frame   0x0000000000001930      0x16c build/stm32f1xx_hal_rcc.o
 .debug_frame   0x0000000000001a9c       0x7c build/stm32f1xx_hal_rcc_ex.o
 .debug_frame   0x0000000000001b18       0xec build/stm32f1xx_hal_gpio.o
 .debug_frame   0x0000000000001c04      0x128 build/stm32f1xx_hal_cortex.o
 .debug_frame   0x0000000000001d2c      0x170 build/usbd_cdc.o
 .debug_frame   0x0000000000001e9c      0x1f0 build/usbd_core.o
 .debug_frame   0x000000000000208c       0xe0 build/usbd_ctlreq.o
 .debug_frame   0x000000000000216c       0xd4 build/usbd_ioreq.o
 .debug_frame   0x0000000000002240      0x160 build/port.o
 .debug_frame   0x00000000000023a0       0xa8 build/heap_4.o
 .debug_frame   0x0000000000002448      0x4f4 build/cmsis_os.o
 .debug_frame   0x000000000000293c       0x6c build/list.o
 .debug_frame   0x00000000000029a8      0x60c build/tasks.o
 .debug_frame   0x0000000000002fb4       0x30 build/system_stm32f1xx.o
 .debug_frame   0x0000000000002fe4       0x30 build/usb_device.o
 .debug_frame   0x0000000000003014      0x2c4 build/usbd_conf.o
 .debug_frame   0x00000000000032d8       0xbc build/usbd_desc.o
 .debug_frame   0x0000000000003394       0x88 build/usbd_cdc_if.o
 .debug_frame   0x000000000000341c       0xa0 build/stm32f1xx_it.o
 .debug_frame   0x00000000000034bc       0x80 build/stm32f1xx_hal_msp.o
 .debug_frame   0x000000000000353c       0x54 build/stm32f1xx_hal_timebase_TIM.o
 .debug_frame   0x0000000000003590       0x90 build/main.o
 .debug_frame   0x0000000000003620       0xac build/rf.o
 .debug_frame   0x00000000000036cc       0x2c /opt/gcc-arm-none-eabi-6-2017-q1-update/bin/../lib/gcc/arm-none-eabi/6.3.1/../../../../arm-none-eabi/lib/thumb/v7-m/libc_nano.a(lib_a-init.o)
 .debug_frame   0x00000000000036f8       0x28 /opt/gcc-arm-none-eabi-6-2017-q1-update/bin/../lib/gcc/arm-none-eabi/6.3.1/../../../../arm-none-eabi/lib/thumb/v7-m/libc_nano.a(lib_a-memcpy-stub.o)
 .debug_frame   0x0000000000003720       0x20 /opt/gcc-arm-none-eabi-6-2017-q1-update/bin/../lib/gcc/arm-none-eabi/6.3.1/../../../../arm-none-eabi/lib/thumb/v7-m/libc_nano.a(lib_a-memset.o)

Cross Reference Table

Symbol                                            File
ADC1_2_IRQHandler                                 build/startup_stm32f103xb.o
AHBPrescTable                                     build/system_stm32f1xx.o
                                                  build/stm32f1xx_hal_rcc.o
APBPrescTable                                     build/system_stm32f1xx.o
                                                  build/stm32f1xx_hal_rcc.o
BusFault_Handler                                  build/stm32f1xx_it.o
CAN1_RX1_IRQHandler                               build/startup_stm32f103xb.o
CAN1_SCE_IRQHandler                               build/startup_stm32f103xb.o
CDC_Transmit_FS                                   build/usbd_cdc_if.o
                                                  build/serial_log.o
                                                  build/main.o
DMA1_Channel1_IRQHandler                          build/startup_stm32f103xb.o
DMA1_Channel2_IRQHandler                          build/startup_stm32f103xb.o
DMA1_Channel3_IRQHandler                          build/startup_stm32f103xb.o
DMA1_Channel4_IRQHandler                          build/startup_stm32f103xb.o
DMA1_Channel5_IRQHandler                          build/startup_stm32f103xb.o
DMA1_Channel6_IRQHandler                          build/startup_stm32f103xb.o
DMA1_Channel7_IRQHandler                          build/startup_stm32f103xb.o
DebugMon_Handler                                  build/stm32f1xx_it.o
Default_Handler                                   build/startup_stm32f103xb.o
EXTI0_IRQHandler                                  build/startup_stm32f103xb.o
EXTI15_10_IRQHandler                              build/startup_stm32f103xb.o
EXTI1_IRQHandler                                  build/startup_stm32f103xb.o
EXTI2_IRQHandler                                  build/startup_stm32f103xb.o
EXTI3_IRQHandler                                  build/startup_stm32f103xb.o
EXTI4_IRQHandler                                  build/startup_stm32f103xb.o
EXTI9_5_IRQHandler                                build/startup_stm32f103xb.o
FLASH_IRQHandler                                  build/startup_stm32f103xb.o
FLASH_PageErase                                   build/stm32f1xx_hal_flash_ex.o
                                                  build/stm32f1xx_hal_flash.o
FLASH_WaitForLastOperation                        build/stm32f1xx_hal_flash.o
                                                  build/stm32f1xx_hal_flash_ex.o
FS_Desc                                           build/usbd_desc.o
                                                  build/usb_device.o
HAL_CRC_Accumulate                                build/stm32f1xx_hal_crc.o
HAL_CRC_Calculate                                 build/stm32f1xx_hal_crc.o
HAL_CRC_DeInit                                    build/stm32f1xx_hal_crc.o
HAL_CRC_GetState                                  build/stm32f1xx_hal_crc.o
HAL_CRC_Init                                      build/stm32f1xx_hal_crc.o
                                                  build/main.o
HAL_CRC_MspDeInit                                 build/stm32f1xx_hal_msp.o
                                                  build/stm32f1xx_hal_crc.o
HAL_CRC_MspInit                                   build/stm32f1xx_hal_msp.o
                                                  build/stm32f1xx_hal_crc.o
HAL_DBGMCU_DisableDBGSleepMode                    build/stm32f1xx_hal.o
HAL_DBGMCU_DisableDBGStandbyMode                  build/stm32f1xx_hal.o
HAL_DBGMCU_DisableDBGStopMode                     build/stm32f1xx_hal.o
HAL_DBGMCU_EnableDBGSleepMode                     build/stm32f1xx_hal.o
HAL_DBGMCU_EnableDBGStandbyMode                   build/stm32f1xx_hal.o
HAL_DBGMCU_EnableDBGStopMode                      build/stm32f1xx_hal.o
HAL_DMA_Abort                                     build/stm32f1xx_hal_dma.o
                                                  build/stm32f1xx_hal_tim.o
                                                  build/stm32f1xx_hal_spi.o
HAL_DMA_DeInit                                    build/stm32f1xx_hal_dma.o
HAL_DMA_GetError                                  build/stm32f1xx_hal_dma.o
HAL_DMA_GetState                                  build/stm32f1xx_hal_dma.o
HAL_DMA_IRQHandler                                build/stm32f1xx_hal_dma.o
HAL_DMA_Init                                      build/stm32f1xx_hal_dma.o
HAL_DMA_PollForTransfer                           build/stm32f1xx_hal_dma.o
HAL_DMA_Start                                     build/stm32f1xx_hal_dma.o
HAL_DMA_Start_IT                                  build/stm32f1xx_hal_dma.o
                                                  build/stm32f1xx_hal_tim_ex.o
                                                  build/stm32f1xx_hal_tim.o
                                                  build/stm32f1xx_hal_spi.o
HAL_DeInit                                        build/stm32f1xx_hal.o
HAL_Delay                                         build/stm32f1xx_hal.o
                                                  build/usbd_conf.o
                                                  build/stm32f1xx_hal_rcc.o
HAL_FLASHEx_Erase                                 build/stm32f1xx_hal_flash_ex.o
HAL_FLASHEx_Erase_IT                              build/stm32f1xx_hal_flash_ex.o
HAL_FLASHEx_OBErase                               build/stm32f1xx_hal_flash_ex.o
HAL_FLASHEx_OBGetConfig                           build/stm32f1xx_hal_flash_ex.o
HAL_FLASHEx_OBGetUserData                         build/stm32f1xx_hal_flash_ex.o
HAL_FLASHEx_OBProgram                             build/stm32f1xx_hal_flash_ex.o
HAL_FLASH_EndOfOperationCallback                  build/stm32f1xx_hal_flash.o
HAL_FLASH_GetError                                build/stm32f1xx_hal_flash.o
HAL_FLASH_IRQHandler                              build/stm32f1xx_hal_flash.o
HAL_FLASH_Lock                                    build/stm32f1xx_hal_flash.o
HAL_FLASH_OB_Launch                               build/stm32f1xx_hal_flash.o
HAL_FLASH_OB_Lock                                 build/stm32f1xx_hal_flash.o
HAL_FLASH_OB_Unlock                               build/stm32f1xx_hal_flash.o
HAL_FLASH_OperationErrorCallback                  build/stm32f1xx_hal_flash.o
HAL_FLASH_Program                                 build/stm32f1xx_hal_flash.o
HAL_FLASH_Program_IT                              build/stm32f1xx_hal_flash.o
HAL_FLASH_Unlock                                  build/stm32f1xx_hal_flash.o
HAL_GPIOEx_ConfigEventout                         build/stm32f1xx_hal_gpio_ex.o
HAL_GPIOEx_DisableEventout                        build/stm32f1xx_hal_gpio_ex.o
HAL_GPIOEx_EnableEventout                         build/stm32f1xx_hal_gpio_ex.o
HAL_GPIO_DeInit                                   build/stm32f1xx_hal_gpio.o
                                                  build/stm32f1xx_hal_msp.o
HAL_GPIO_EXTI_Callback                            build/stm32f1xx_hal_gpio.o
HAL_GPIO_EXTI_IRQHandler                          build/stm32f1xx_hal_gpio.o
HAL_GPIO_Init                                     build/stm32f1xx_hal_gpio.o
                                                  build/main.o
                                                  build/stm32f1xx_hal_msp.o
                                                  build/stm32f1xx_hal_rcc.o
HAL_GPIO_LockPin                                  build/stm32f1xx_hal_gpio.o
HAL_GPIO_ReadPin                                  build/stm32f1xx_hal_gpio.o
HAL_GPIO_TogglePin                                build/stm32f1xx_hal_gpio.o
                                                  build/main.o
HAL_GPIO_WritePin                                 build/stm32f1xx_hal_gpio.o
                                                  build/rf.o
                                                  build/main.o
HAL_GetDEVID                                      build/stm32f1xx_hal.o
HAL_GetHalVersion                                 build/stm32f1xx_hal.o
HAL_GetREVID                                      build/stm32f1xx_hal.o
HAL_GetTick                                       build/stm32f1xx_hal.o
                                                  build/stm32f1xx_hal_flash.o
                                                  build/stm32f1xx_hal_dma.o
                                                  build/stm32f1xx_hal_rcc_ex.o
                                                  build/stm32f1xx_hal_rcc.o
                                                  build/stm32f1xx_hal_spi.o
                                                  build/stm32f1xx_hal_iwdg.o
HAL_IWDG_GetState                                 build/stm32f1xx_hal_iwdg.o
HAL_IWDG_Init                                     build/stm32f1xx_hal_iwdg.o
                                                  build/main.o
HAL_IWDG_MspInit                                  build/stm32f1xx_hal_iwdg.o
HAL_IWDG_Refresh                                  build/stm32f1xx_hal_iwdg.o
HAL_IWDG_Start                                    build/stm32f1xx_hal_iwdg.o
HAL_IncTick                                       build/stm32f1xx_hal.o
                                                  build/main.o
HAL_Init                                          build/stm32f1xx_hal.o
                                                  build/main.o
HAL_InitTick                                      build/stm32f1xx_hal_timebase_TIM.o
                                                  build/stm32f1xx_hal.o
                                                  build/stm32f1xx_hal_rcc.o
HAL_MspDeInit                                     build/stm32f1xx_hal.o
HAL_MspInit                                       build/stm32f1xx_hal_msp.o
                                                  build/stm32f1xx_hal.o
HAL_NVIC_ClearPendingIRQ                          build/stm32f1xx_hal_cortex.o
HAL_NVIC_DisableIRQ                               build/stm32f1xx_hal_cortex.o
                                                  build/usbd_conf.o
HAL_NVIC_EnableIRQ                                build/stm32f1xx_hal_cortex.o
                                                  build/stm32f1xx_hal_timebase_TIM.o
                                                  build/usbd_conf.o
HAL_NVIC_GetActive                                build/stm32f1xx_hal_cortex.o
HAL_NVIC_GetPendingIRQ                            build/stm32f1xx_hal_cortex.o
HAL_NVIC_GetPriority                              build/stm32f1xx_hal_cortex.o
HAL_NVIC_GetPriorityGrouping                      build/stm32f1xx_hal_cortex.o
HAL_NVIC_SetPendingIRQ                            build/stm32f1xx_hal_cortex.o
HAL_NVIC_SetPriority                              build/stm32f1xx_hal_cortex.o
                                                  build/main.o
                                                  build/stm32f1xx_hal_timebase_TIM.o
                                                  build/stm32f1xx_hal_msp.o
                                                  build/usbd_conf.o
                                                  build/stm32f1xx_hal.o
HAL_NVIC_SetPriorityGrouping                      build/stm32f1xx_hal_cortex.o
                                                  build/stm32f1xx_hal_msp.o
                                                  build/stm32f1xx_hal.o
HAL_NVIC_SystemReset                              build/stm32f1xx_hal_cortex.o
                                                  build/stm32f1xx_hal_flash.o
HAL_PCDEx_PMAConfig                               build/stm32f1xx_hal_pcd_ex.o
                                                  build/usbd_conf.o
HAL_PCDEx_SetConnectionState                      build/usbd_conf.o
                                                  build/stm32f1xx_hal_pcd_ex.o
                                                  build/stm32f1xx_hal_pcd.o
HAL_PCD_ActivateRemoteWakeup                      build/stm32f1xx_hal_pcd.o
HAL_PCD_ConnectCallback                           build/usbd_conf.o
                                                  build/stm32f1xx_hal_pcd.o
HAL_PCD_DataInStageCallback                       build/usbd_conf.o
                                                  build/stm32f1xx_hal_pcd.o
HAL_PCD_DataOutStageCallback                      build/usbd_conf.o
                                                  build/stm32f1xx_hal_pcd.o
HAL_PCD_DeActivateRemoteWakeup                    build/stm32f1xx_hal_pcd.o
HAL_PCD_DeInit                                    build/stm32f1xx_hal_pcd.o
                                                  build/usbd_conf.o
HAL_PCD_DevConnect                                build/stm32f1xx_hal_pcd.o
HAL_PCD_DevDisconnect                             build/stm32f1xx_hal_pcd.o
HAL_PCD_DisconnectCallback                        build/usbd_conf.o
                                                  build/stm32f1xx_hal_pcd.o
HAL_PCD_EP_Close                                  build/stm32f1xx_hal_pcd.o
                                                  build/usbd_conf.o
HAL_PCD_EP_ClrStall                               build/stm32f1xx_hal_pcd.o
                                                  build/usbd_conf.o
HAL_PCD_EP_Flush                                  build/stm32f1xx_hal_pcd.o
                                                  build/usbd_conf.o
HAL_PCD_EP_GetRxCount                             build/stm32f1xx_hal_pcd.o
                                                  build/usbd_conf.o
HAL_PCD_EP_Open                                   build/stm32f1xx_hal_pcd.o
                                                  build/usbd_conf.o
HAL_PCD_EP_Receive                                build/stm32f1xx_hal_pcd.o
                                                  build/usbd_conf.o
HAL_PCD_EP_SetStall                               build/stm32f1xx_hal_pcd.o
                                                  build/usbd_conf.o
HAL_PCD_EP_Transmit                               build/stm32f1xx_hal_pcd.o
                                                  build/usbd_conf.o
HAL_PCD_GetState                                  build/stm32f1xx_hal_pcd.o
HAL_PCD_IRQHandler                                build/stm32f1xx_hal_pcd.o
                                                  build/stm32f1xx_it.o
HAL_PCD_ISOINIncompleteCallback                   build/usbd_conf.o
                                                  build/stm32f1xx_hal_pcd.o
HAL_PCD_ISOOUTIncompleteCallback                  build/usbd_conf.o
                                                  build/stm32f1xx_hal_pcd.o